Archive member included to satisfy reference by file (symbol)

/home/ap/code/gcc-arm-none-eabi-8-2018-q4-major/bin/../lib/gcc/arm-none-eabi/8.2.1/../../../../arm-none-eabi/lib/thumb/v6-m/nofp/libc_nano.a(lib_a-exit.o)
                              /home/ap/code/gcc-arm-none-eabi-8-2018-q4-major/bin/../lib/gcc/arm-none-eabi/8.2.1/../../../../arm-none-eabi/lib/thumb/v6-m/nofp/crt0.o (exit)
/home/ap/code/gcc-arm-none-eabi-8-2018-q4-major/bin/../lib/gcc/arm-none-eabi/8.2.1/../../../../arm-none-eabi/lib/thumb/v6-m/nofp/libc_nano.a(lib_a-impure.o)
                              /home/ap/code/gcc-arm-none-eabi-8-2018-q4-major/bin/../lib/gcc/arm-none-eabi/8.2.1/../../../../arm-none-eabi/lib/thumb/v6-m/nofp/libc_nano.a(lib_a-exit.o) (_global_impure_ptr)
/home/ap/code/gcc-arm-none-eabi-8-2018-q4-major/bin/../lib/gcc/arm-none-eabi/8.2.1/../../../../arm-none-eabi/lib/thumb/v6-m/nofp/libc_nano.a(lib_a-init.o)
                              /home/ap/code/gcc-arm-none-eabi-8-2018-q4-major/bin/../lib/gcc/arm-none-eabi/8.2.1/../../../../arm-none-eabi/lib/thumb/v6-m/nofp/crt0.o (__libc_init_array)
/home/ap/code/gcc-arm-none-eabi-8-2018-q4-major/bin/../lib/gcc/arm-none-eabi/8.2.1/../../../../arm-none-eabi/lib/thumb/v6-m/nofp/libc_nano.a(lib_a-memset.o)
                              /home/ap/code/gcc-arm-none-eabi-8-2018-q4-major/bin/../lib/gcc/arm-none-eabi/8.2.1/../../../../arm-none-eabi/lib/thumb/v6-m/nofp/crt0.o (memset)
/home/ap/code/gcc-arm-none-eabi-8-2018-q4-major/bin/../lib/gcc/arm-none-eabi/8.2.1/../../../../arm-none-eabi/lib/thumb/v6-m/nofp/libnosys.a(_exit.o)
                              /home/ap/code/gcc-arm-none-eabi-8-2018-q4-major/bin/../lib/gcc/arm-none-eabi/8.2.1/../../../../arm-none-eabi/lib/thumb/v6-m/nofp/libc_nano.a(lib_a-exit.o) (_exit)

Discarded input sections

 .text          0x0000000000000000        0x0 /home/ap/code/gcc-arm-none-eabi-8-2018-q4-major/bin/../lib/gcc/arm-none-eabi/8.2.1/thumb/v6-m/nofp/crti.o
 .data          0x0000000000000000        0x0 /home/ap/code/gcc-arm-none-eabi-8-2018-q4-major/bin/../lib/gcc/arm-none-eabi/8.2.1/thumb/v6-m/nofp/crti.o
 .bss           0x0000000000000000        0x0 /home/ap/code/gcc-arm-none-eabi-8-2018-q4-major/bin/../lib/gcc/arm-none-eabi/8.2.1/thumb/v6-m/nofp/crti.o
 .data          0x0000000000000000        0x4 /home/ap/code/gcc-arm-none-eabi-8-2018-q4-major/bin/../lib/gcc/arm-none-eabi/8.2.1/thumb/v6-m/nofp/crtbegin.o
 .text          0x0000000000000000       0x78 /home/ap/code/gcc-arm-none-eabi-8-2018-q4-major/bin/../lib/gcc/arm-none-eabi/8.2.1/../../../../arm-none-eabi/lib/thumb/v6-m/nofp/crt0.o
 .data          0x0000000000000000        0x0 /home/ap/code/gcc-arm-none-eabi-8-2018-q4-major/bin/../lib/gcc/arm-none-eabi/8.2.1/../../../../arm-none-eabi/lib/thumb/v6-m/nofp/crt0.o
 .bss           0x0000000000000000        0x0 /home/ap/code/gcc-arm-none-eabi-8-2018-q4-major/bin/../lib/gcc/arm-none-eabi/8.2.1/../../../../arm-none-eabi/lib/thumb/v6-m/nofp/crt0.o
 .ARM.extab     0x0000000000000000        0x0 /home/ap/code/gcc-arm-none-eabi-8-2018-q4-major/bin/../lib/gcc/arm-none-eabi/8.2.1/../../../../arm-none-eabi/lib/thumb/v6-m/nofp/crt0.o
 .ARM.exidx     0x0000000000000000        0x8 /home/ap/code/gcc-arm-none-eabi-8-2018-q4-major/bin/../lib/gcc/arm-none-eabi/8.2.1/../../../../arm-none-eabi/lib/thumb/v6-m/nofp/crt0.o
 .ARM.attributes
                0x0000000000000000       0x1b /home/ap/code/gcc-arm-none-eabi-8-2018-q4-major/bin/../lib/gcc/arm-none-eabi/8.2.1/../../../../arm-none-eabi/lib/thumb/v6-m/nofp/crt0.o
 .group         0x0000000000000000        0xc build/main.o
 .group         0x0000000000000000        0xc build/main.o
 .group         0x0000000000000000        0x8 build/main.o
 .group         0x0000000000000000        0x8 build/main.o
 .group         0x0000000000000000        0x8 build/main.o
 .group         0x0000000000000000        0x8 build/main.o
 .group         0x0000000000000000        0x8 build/main.o
 .group         0x0000000000000000        0x8 build/main.o
 .group         0x0000000000000000        0x8 build/main.o
 .group         0x0000000000000000        0x8 build/main.o
 .group         0x0000000000000000        0x8 build/main.o
 .group         0x0000000000000000        0x8 build/main.o
 .group         0x0000000000000000        0x8 build/main.o
 .group         0x0000000000000000        0x8 build/main.o
 .group         0x0000000000000000        0x8 build/main.o
 .group         0x0000000000000000        0x8 build/main.o
 .group         0x0000000000000000        0x8 build/main.o
 .group         0x0000000000000000        0x8 build/main.o
 .group         0x0000000000000000        0x8 build/main.o
 .group         0x0000000000000000        0x8 build/main.o
 .group         0x0000000000000000        0x8 build/main.o
 .group         0x0000000000000000        0x8 build/main.o
 .group         0x0000000000000000        0x8 build/main.o
 .group         0x0000000000000000        0x8 build/main.o
 .group         0x0000000000000000        0x8 build/main.o
 .group         0x0000000000000000        0x8 build/main.o
 .group         0x0000000000000000        0x8 build/main.o
 .group         0x0000000000000000        0x8 build/main.o
 .text          0x0000000000000000        0x0 build/main.o
 .data          0x0000000000000000        0x0 build/main.o
 .bss           0x0000000000000000        0x0 build/main.o
 .text._ZN3mcu5FLASH6unlockEv
                0x0000000000000000       0x18 build/main.o
 .text._ZN3mcu5FLASH11start_eraseENS0_6SectorE
                0x0000000000000000       0x24 build/main.o
 .text          0x0000000000000000       0x14 build/startup_stm32f030x6.o
 .data          0x0000000000000000        0x0 build/startup_stm32f030x6.o
 .bss           0x0000000000000000        0x0 build/startup_stm32f030x6.o
 .text          0x0000000000000000        0x0 /home/ap/code/gcc-arm-none-eabi-8-2018-q4-major/bin/../lib/gcc/arm-none-eabi/8.2.1/../../../../arm-none-eabi/lib/thumb/v6-m/nofp/libc_nano.a(lib_a-exit.o)
 .data          0x0000000000000000        0x0 /home/ap/code/gcc-arm-none-eabi-8-2018-q4-major/bin/../lib/gcc/arm-none-eabi/8.2.1/../../../../arm-none-eabi/lib/thumb/v6-m/nofp/libc_nano.a(lib_a-exit.o)
 .bss           0x0000000000000000        0x0 /home/ap/code/gcc-arm-none-eabi-8-2018-q4-major/bin/../lib/gcc/arm-none-eabi/8.2.1/../../../../arm-none-eabi/lib/thumb/v6-m/nofp/libc_nano.a(lib_a-exit.o)
 .text.exit     0x0000000000000000       0x2c /home/ap/code/gcc-arm-none-eabi-8-2018-q4-major/bin/../lib/gcc/arm-none-eabi/8.2.1/../../../../arm-none-eabi/lib/thumb/v6-m/nofp/libc_nano.a(lib_a-exit.o)
 .debug_frame   0x0000000000000000       0x28 /home/ap/code/gcc-arm-none-eabi-8-2018-q4-major/bin/../lib/gcc/arm-none-eabi/8.2.1/../../../../arm-none-eabi/lib/thumb/v6-m/nofp/libc_nano.a(lib_a-exit.o)
 .ARM.attributes
                0x0000000000000000       0x2c /home/ap/code/gcc-arm-none-eabi-8-2018-q4-major/bin/../lib/gcc/arm-none-eabi/8.2.1/../../../../arm-none-eabi/lib/thumb/v6-m/nofp/libc_nano.a(lib_a-exit.o)
 .text          0x0000000000000000        0x0 /home/ap/code/gcc-arm-none-eabi-8-2018-q4-major/bin/../lib/gcc/arm-none-eabi/8.2.1/../../../../arm-none-eabi/lib/thumb/v6-m/nofp/libc_nano.a(lib_a-impure.o)
 .data          0x0000000000000000        0x0 /home/ap/code/gcc-arm-none-eabi-8-2018-q4-major/bin/../lib/gcc/arm-none-eabi/8.2.1/../../../../arm-none-eabi/lib/thumb/v6-m/nofp/libc_nano.a(lib_a-impure.o)
 .bss           0x0000000000000000        0x0 /home/ap/code/gcc-arm-none-eabi-8-2018-q4-major/bin/../lib/gcc/arm-none-eabi/8.2.1/../../../../arm-none-eabi/lib/thumb/v6-m/nofp/libc_nano.a(lib_a-impure.o)
 .data._impure_ptr
                0x0000000000000000        0x4 /home/ap/code/gcc-arm-none-eabi-8-2018-q4-major/bin/../lib/gcc/arm-none-eabi/8.2.1/../../../../arm-none-eabi/lib/thumb/v6-m/nofp/libc_nano.a(lib_a-impure.o)
 .data.impure_data
                0x0000000000000000       0x60 /home/ap/code/gcc-arm-none-eabi-8-2018-q4-major/bin/../lib/gcc/arm-none-eabi/8.2.1/../../../../arm-none-eabi/lib/thumb/v6-m/nofp/libc_nano.a(lib_a-impure.o)
 .rodata._global_impure_ptr
                0x0000000000000000        0x4 /home/ap/code/gcc-arm-none-eabi-8-2018-q4-major/bin/../lib/gcc/arm-none-eabi/8.2.1/../../../../arm-none-eabi/lib/thumb/v6-m/nofp/libc_nano.a(lib_a-impure.o)
 .ARM.attributes
                0x0000000000000000       0x2c /home/ap/code/gcc-arm-none-eabi-8-2018-q4-major/bin/../lib/gcc/arm-none-eabi/8.2.1/../../../../arm-none-eabi/lib/thumb/v6-m/nofp/libc_nano.a(lib_a-impure.o)
 .text          0x0000000000000000        0x0 /home/ap/code/gcc-arm-none-eabi-8-2018-q4-major/bin/../lib/gcc/arm-none-eabi/8.2.1/../../../../arm-none-eabi/lib/thumb/v6-m/nofp/libc_nano.a(lib_a-init.o)
 .data          0x0000000000000000        0x0 /home/ap/code/gcc-arm-none-eabi-8-2018-q4-major/bin/../lib/gcc/arm-none-eabi/8.2.1/../../../../arm-none-eabi/lib/thumb/v6-m/nofp/libc_nano.a(lib_a-init.o)
 .bss           0x0000000000000000        0x0 /home/ap/code/gcc-arm-none-eabi-8-2018-q4-major/bin/../lib/gcc/arm-none-eabi/8.2.1/../../../../arm-none-eabi/lib/thumb/v6-m/nofp/libc_nano.a(lib_a-init.o)
 .text          0x0000000000000000        0x0 /home/ap/code/gcc-arm-none-eabi-8-2018-q4-major/bin/../lib/gcc/arm-none-eabi/8.2.1/../../../../arm-none-eabi/lib/thumb/v6-m/nofp/libc_nano.a(lib_a-memset.o)
 .data          0x0000000000000000        0x0 /home/ap/code/gcc-arm-none-eabi-8-2018-q4-major/bin/../lib/gcc/arm-none-eabi/8.2.1/../../../../arm-none-eabi/lib/thumb/v6-m/nofp/libc_nano.a(lib_a-memset.o)
 .bss           0x0000000000000000        0x0 /home/ap/code/gcc-arm-none-eabi-8-2018-q4-major/bin/../lib/gcc/arm-none-eabi/8.2.1/../../../../arm-none-eabi/lib/thumb/v6-m/nofp/libc_nano.a(lib_a-memset.o)
 .text.memset   0x0000000000000000       0x10 /home/ap/code/gcc-arm-none-eabi-8-2018-q4-major/bin/../lib/gcc/arm-none-eabi/8.2.1/../../../../arm-none-eabi/lib/thumb/v6-m/nofp/libc_nano.a(lib_a-memset.o)
 .debug_frame   0x0000000000000000       0x20 /home/ap/code/gcc-arm-none-eabi-8-2018-q4-major/bin/../lib/gcc/arm-none-eabi/8.2.1/../../../../arm-none-eabi/lib/thumb/v6-m/nofp/libc_nano.a(lib_a-memset.o)
 .ARM.attributes
                0x0000000000000000       0x2c /home/ap/code/gcc-arm-none-eabi-8-2018-q4-major/bin/../lib/gcc/arm-none-eabi/8.2.1/../../../../arm-none-eabi/lib/thumb/v6-m/nofp/libc_nano.a(lib_a-memset.o)
 .text          0x0000000000000000        0x0 /home/ap/code/gcc-arm-none-eabi-8-2018-q4-major/bin/../lib/gcc/arm-none-eabi/8.2.1/../../../../arm-none-eabi/lib/thumb/v6-m/nofp/libnosys.a(_exit.o)
 .data          0x0000000000000000        0x0 /home/ap/code/gcc-arm-none-eabi-8-2018-q4-major/bin/../lib/gcc/arm-none-eabi/8.2.1/../../../../arm-none-eabi/lib/thumb/v6-m/nofp/libnosys.a(_exit.o)
 .bss           0x0000000000000000        0x0 /home/ap/code/gcc-arm-none-eabi-8-2018-q4-major/bin/../lib/gcc/arm-none-eabi/8.2.1/../../../../arm-none-eabi/lib/thumb/v6-m/nofp/libnosys.a(_exit.o)
 .text._exit    0x0000000000000000        0x4 /home/ap/code/gcc-arm-none-eabi-8-2018-q4-major/bin/../lib/gcc/arm-none-eabi/8.2.1/../../../../arm-none-eabi/lib/thumb/v6-m/nofp/libnosys.a(_exit.o)
 .debug_frame   0x0000000000000000       0x20 /home/ap/code/gcc-arm-none-eabi-8-2018-q4-major/bin/../lib/gcc/arm-none-eabi/8.2.1/../../../../arm-none-eabi/lib/thumb/v6-m/nofp/libnosys.a(_exit.o)
 .ARM.attributes
                0x0000000000000000       0x2c /home/ap/code/gcc-arm-none-eabi-8-2018-q4-major/bin/../lib/gcc/arm-none-eabi/8.2.1/../../../../arm-none-eabi/lib/thumb/v6-m/nofp/libnosys.a(_exit.o)
 .text          0x0000000000000000        0x0 /home/ap/code/gcc-arm-none-eabi-8-2018-q4-major/bin/../lib/gcc/arm-none-eabi/8.2.1/thumb/v6-m/nofp/crtend.o
 .data          0x0000000000000000        0x0 /home/ap/code/gcc-arm-none-eabi-8-2018-q4-major/bin/../lib/gcc/arm-none-eabi/8.2.1/thumb/v6-m/nofp/crtend.o
 .bss           0x0000000000000000        0x0 /home/ap/code/gcc-arm-none-eabi-8-2018-q4-major/bin/../lib/gcc/arm-none-eabi/8.2.1/thumb/v6-m/nofp/crtend.o
 .eh_frame      0x0000000000000000        0x4 /home/ap/code/gcc-arm-none-eabi-8-2018-q4-major/bin/../lib/gcc/arm-none-eabi/8.2.1/thumb/v6-m/nofp/crtend.o
 .ARM.attributes
                0x0000000000000000       0x2c /home/ap/code/gcc-arm-none-eabi-8-2018-q4-major/bin/../lib/gcc/arm-none-eabi/8.2.1/thumb/v6-m/nofp/crtend.o
 .text          0x0000000000000000        0x0 /home/ap/code/gcc-arm-none-eabi-8-2018-q4-major/bin/../lib/gcc/arm-none-eabi/8.2.1/thumb/v6-m/nofp/crtn.o
 .data          0x0000000000000000        0x0 /home/ap/code/gcc-arm-none-eabi-8-2018-q4-major/bin/../lib/gcc/arm-none-eabi/8.2.1/thumb/v6-m/nofp/crtn.o
 .bss           0x0000000000000000        0x0 /home/ap/code/gcc-arm-none-eabi-8-2018-q4-major/bin/../lib/gcc/arm-none-eabi/8.2.1/thumb/v6-m/nofp/crtn.o

Memory Configuration

Name             Origin             Length             Attributes
RAM              0x0000000020000000 0x0000000000001000 xrw
FLASH            0x0000000008000000 0x0000000000008000 xr
*default*        0x0000000000000000 0xffffffffffffffff

Linker script and memory map

LOAD /home/ap/code/gcc-arm-none-eabi-8-2018-q4-major/bin/../lib/gcc/arm-none-eabi/8.2.1/thumb/v6-m/nofp/crti.o
LOAD /home/ap/code/gcc-arm-none-eabi-8-2018-q4-major/bin/../lib/gcc/arm-none-eabi/8.2.1/thumb/v6-m/nofp/crtbegin.o
LOAD /home/ap/code/gcc-arm-none-eabi-8-2018-q4-major/bin/../lib/gcc/arm-none-eabi/8.2.1/../../../../arm-none-eabi/lib/thumb/v6-m/nofp/crt0.o
LOAD build/main.o
LOAD build/startup_stm32f030x6.o
LOAD /home/ap/code/gcc-arm-none-eabi-8-2018-q4-major/bin/../lib/gcc/arm-none-eabi/8.2.1/../../../../arm-none-eabi/lib/thumb/v6-m/nofp/libnosys.a
LOAD /home/ap/code/gcc-arm-none-eabi-8-2018-q4-major/bin/../lib/gcc/arm-none-eabi/8.2.1/../../../../arm-none-eabi/lib/thumb/v6-m/nofp/libstdc++_nano.a
LOAD /home/ap/code/gcc-arm-none-eabi-8-2018-q4-major/bin/../lib/gcc/arm-none-eabi/8.2.1/../../../../arm-none-eabi/lib/thumb/v6-m/nofp/libm.a
LOAD /home/ap/code/gcc-arm-none-eabi-8-2018-q4-major/bin/../lib/gcc/arm-none-eabi/8.2.1/../../../../arm-none-eabi/lib/thumb/v6-m/nofp/libc_nano.a
START GROUP
LOAD /home/ap/code/gcc-arm-none-eabi-8-2018-q4-major/bin/../lib/gcc/arm-none-eabi/8.2.1/thumb/v6-m/nofp/libgcc.a
LOAD /home/ap/code/gcc-arm-none-eabi-8-2018-q4-major/bin/../lib/gcc/arm-none-eabi/8.2.1/../../../../arm-none-eabi/lib/thumb/v6-m/nofp/libc_nano.a
END GROUP
START GROUP
LOAD /home/ap/code/gcc-arm-none-eabi-8-2018-q4-major/bin/../lib/gcc/arm-none-eabi/8.2.1/thumb/v6-m/nofp/libgcc.a
LOAD /home/ap/code/gcc-arm-none-eabi-8-2018-q4-major/bin/../lib/gcc/arm-none-eabi/8.2.1/../../../../arm-none-eabi/lib/thumb/v6-m/nofp/libc_nano.a
LOAD /home/ap/code/gcc-arm-none-eabi-8-2018-q4-major/bin/../lib/gcc/arm-none-eabi/8.2.1/../../../../arm-none-eabi/lib/thumb/v6-m/nofp/libnosys.a
END GROUP
START GROUP
LOAD /home/ap/code/gcc-arm-none-eabi-8-2018-q4-major/bin/../lib/gcc/arm-none-eabi/8.2.1/thumb/v6-m/nofp/libgcc.a
LOAD /home/ap/code/gcc-arm-none-eabi-8-2018-q4-major/bin/../lib/gcc/arm-none-eabi/8.2.1/../../../../arm-none-eabi/lib/thumb/v6-m/nofp/libc_nano.a
LOAD /home/ap/code/gcc-arm-none-eabi-8-2018-q4-major/bin/../lib/gcc/arm-none-eabi/8.2.1/../../../../arm-none-eabi/lib/thumb/v6-m/nofp/libnosys.a
END GROUP
LOAD /home/ap/code/gcc-arm-none-eabi-8-2018-q4-major/bin/../lib/gcc/arm-none-eabi/8.2.1/thumb/v6-m/nofp/crtend.o
LOAD /home/ap/code/gcc-arm-none-eabi-8-2018-q4-major/bin/../lib/gcc/arm-none-eabi/8.2.1/thumb/v6-m/nofp/crtn.o
                0x0000000020001000                _estack = 0x20001000
                0x0000000000000200                _Min_Heap_Size = 0x200
                0x0000000000000400                _Min_Stack_Size = 0x400

.isr_vector     0x0000000008000000       0xc0
                0x0000000008000000                . = ALIGN (0x4)
 *(.isr_vector)
 .isr_vector    0x0000000008000000       0xc0 build/startup_stm32f030x6.o
                0x0000000008000000                g_pfnVectors
                0x00000000080000c0                . = ALIGN (0x4)

.text           0x00000000080000c0      0x4f4
                0x00000000080000c0                . = ALIGN (0x4)
 *(.text)
 .text          0x00000000080000c0       0x48 /home/ap/code/gcc-arm-none-eabi-8-2018-q4-major/bin/../lib/gcc/arm-none-eabi/8.2.1/thumb/v6-m/nofp/crtbegin.o
 *(.text*)
 .text.init_clock
                0x0000000008000108       0x68 build/main.o
                0x0000000008000108                init_clock
 .text._Z9make_pinsILN3mcu7PinModeE0EJNS0_4Pin_ILNS0_6PeriphE3ELi3EEENS2_ILS3_3ELi6EEENS2_ILS3_4ELi0EEENS2_ILS3_4ELi1EEENS2_ILS3_4ELi2EEEEEN4meta19tuple_generate_implIR3PinSt16integer_sequenceIjJXspcl14__integer_packsZT0_EEEEE4typeEv
                0x0000000008000170      0x13c build/main.o
                0x0000000008000170                meta::tuple_generate_impl<Pin&, std::integer_sequence<unsigned int, __integer_pack(5), __integer_pack(5), __integer_pack(5), __integer_pack(5), __integer_pack(5)> >::type make_pins<(mcu::PinMode)0, mcu::Pin_<(mcu::Periph)3, 3>, mcu::Pin_<(mcu::Periph)3, 6>, mcu::Pin_<(mcu::Periph)4, 0>, mcu::Pin_<(mcu::Periph)4, 1>, mcu::Pin_<(mcu::Periph)4, 2> >()
 .text._Z9make_pinsILN3mcu7PinModeE1EJNS0_4Pin_ILNS0_6PeriphE3ELi1EEENS2_ILS3_3ELi12EEENS2_ILS3_3ELi11EEENS2_ILS3_3ELi10EEENS2_ILS3_3ELi0EEENS2_ILS3_3ELi9EEENS2_ILS3_3ELi8EEENS2_ILS3_4ELi15EEEEEN4meta19tuple_generate_implIR3PinSt16integer_sequenceIjJXspcl14__integer_packsZT0_EEEEE4typeEv
                0x00000000080002ac      0x240 build/main.o
                0x00000000080002ac                meta::tuple_generate_impl<Pin&, std::integer_sequence<unsigned int, __integer_pack(8), __integer_pack(8), __integer_pack(8), __integer_pack(8), __integer_pack(8), __integer_pack(8), __integer_pack(8), __integer_pack(8)> >::type make_pins<(mcu::PinMode)1, mcu::Pin_<(mcu::Periph)3, 1>, mcu::Pin_<(mcu::Periph)3, 12>, mcu::Pin_<(mcu::Periph)3, 11>, mcu::Pin_<(mcu::Periph)3, 10>, mcu::Pin_<(mcu::Periph)3, 0>, mcu::Pin_<(mcu::Periph)3, 9>, mcu::Pin_<(mcu::Periph)3, 8>, mcu::Pin_<(mcu::Periph)4, 15> >()
 .text.startup.main
                0x00000000080004ec       0x14 build/main.o
                0x00000000080004ec                main
 .text.Reset_Handler
                0x0000000008000500       0x50 build/startup_stm32f030x6.o
                0x0000000008000500                Reset_Handler
 .text.Default_Handler
                0x0000000008000550        0x2 build/startup_stm32f030x6.o
                0x0000000008000550                TIM1_CC_IRQHandler
                0x0000000008000550                HardFault_Handler
                0x0000000008000550                SysTick_Handler
                0x0000000008000550                PendSV_Handler
                0x0000000008000550                NMI_Handler
                0x0000000008000550                I2C1_IRQHandler
                0x0000000008000550                SPI1_IRQHandler
                0x0000000008000550                EXTI2_3_IRQHandler
                0x0000000008000550                ADC1_IRQHandler
                0x0000000008000550                TIM17_IRQHandler
                0x0000000008000550                RTC_IRQHandler
                0x0000000008000550                TIM16_IRQHandler
                0x0000000008000550                TIM3_IRQHandler
                0x0000000008000550                EXTI4_15_IRQHandler
                0x0000000008000550                RCC_IRQHandler
                0x0000000008000550                DMA1_Channel1_IRQHandler
                0x0000000008000550                Default_Handler
                0x0000000008000550                TIM14_IRQHandler
                0x0000000008000550                DMA1_Channel4_5_IRQHandler
                0x0000000008000550                EXTI0_1_IRQHandler
                0x0000000008000550                SVC_Handler
                0x0000000008000550                WWDG_IRQHandler
                0x0000000008000550                DMA1_Channel2_3_IRQHandler
                0x0000000008000550                FLASH_IRQHandler
                0x0000000008000550                USART1_IRQHandler
                0x0000000008000550                TIM1_BRK_UP_TRG_COM_IRQHandler
 *fill*         0x0000000008000552        0x2 
 .text.__libc_init_array
                0x0000000008000554       0x48 /home/ap/code/gcc-arm-none-eabi-8-2018-q4-major/bin/../lib/gcc/arm-none-eabi/8.2.1/../../../../arm-none-eabi/lib/thumb/v6-m/nofp/libc_nano.a(lib_a-init.o)
                0x0000000008000554                __libc_init_array
 *(.glue_7)
 .glue_7        0x000000000800059c        0x0 linker stubs
 *(.glue_7t)
 .glue_7t       0x000000000800059c        0x0 linker stubs
 *(.eh_frame)
 .eh_frame      0x000000000800059c        0x0 /home/ap/code/gcc-arm-none-eabi-8-2018-q4-major/bin/../lib/gcc/arm-none-eabi/8.2.1/thumb/v6-m/nofp/crtbegin.o
 *(.init)
 .init          0x000000000800059c        0x4 /home/ap/code/gcc-arm-none-eabi-8-2018-q4-major/bin/../lib/gcc/arm-none-eabi/8.2.1/thumb/v6-m/nofp/crti.o
                0x000000000800059c                _init
 .init          0x00000000080005a0        0x8 /home/ap/code/gcc-arm-none-eabi-8-2018-q4-major/bin/../lib/gcc/arm-none-eabi/8.2.1/thumb/v6-m/nofp/crtn.o
 *(.fini)
 .fini          0x00000000080005a8        0x4 /home/ap/code/gcc-arm-none-eabi-8-2018-q4-major/bin/../lib/gcc/arm-none-eabi/8.2.1/thumb/v6-m/nofp/crti.o
                0x00000000080005a8                _fini
 .fini          0x00000000080005ac        0x8 /home/ap/code/gcc-arm-none-eabi-8-2018-q4-major/bin/../lib/gcc/arm-none-eabi/8.2.1/thumb/v6-m/nofp/crtn.o
                0x00000000080005b4                . = ALIGN (0x4)
                0x00000000080005b4                _etext = .

.vfp11_veneer   0x00000000080005b4        0x0
 .vfp11_veneer  0x00000000080005b4        0x0 linker stubs

.v4_bx          0x00000000080005b4        0x0
 .v4_bx         0x00000000080005b4        0x0 linker stubs

.iplt           0x00000000080005b4        0x0
 .iplt          0x00000000080005b4        0x0 /home/ap/code/gcc-arm-none-eabi-8-2018-q4-major/bin/../lib/gcc/arm-none-eabi/8.2.1/thumb/v6-m/nofp/crtbegin.o

.rel.dyn        0x00000000080005b4        0x0
 .rel.iplt      0x00000000080005b4        0x0 /home/ap/code/gcc-arm-none-eabi-8-2018-q4-major/bin/../lib/gcc/arm-none-eabi/8.2.1/thumb/v6-m/nofp/crtbegin.o

.rodata         0x00000000080005b4        0x0
                0x00000000080005b4                . = ALIGN (0x4)
 *(.rodata)
 *(.rodata*)
                0x00000000080005b4                . = ALIGN (0x4)

.ARM.extab
 *(.ARM.extab* .gnu.linkonce.armextab.*)

.ARM            0x00000000080005b4        0x0
                0x00000000080005b4                __exidx_start = .
 *(.ARM.exidx*)
                0x00000000080005b4                __exidx_end = .

.preinit_array  0x00000000080005b4        0x0
                0x00000000080005b4                PROVIDE (__preinit_array_start = .)
 *(.preinit_array*)
                0x00000000080005b4                PROVIDE (__preinit_array_end = .)

.init_array     0x00000000080005b4        0x4
                0x00000000080005b4                PROVIDE (__init_array_start = .)
 *(SORT_BY_NAME(.init_array.*))
 *(.init_array*)
 .init_array    0x00000000080005b4        0x4 /home/ap/code/gcc-arm-none-eabi-8-2018-q4-major/bin/../lib/gcc/arm-none-eabi/8.2.1/thumb/v6-m/nofp/crtbegin.o
                0x00000000080005b8                PROVIDE (__init_array_end = .)

.fini_array     0x00000000080005b8        0x4
                [!provide]                        PROVIDE (__fini_array_start = .)
 *(SORT_BY_NAME(.fini_array.*))
 *(.fini_array*)
 .fini_array    0x00000000080005b8        0x4 /home/ap/code/gcc-arm-none-eabi-8-2018-q4-major/bin/../lib/gcc/arm-none-eabi/8.2.1/thumb/v6-m/nofp/crtbegin.o
                [!provide]                        PROVIDE (__fini_array_end = .)
                0x00000000080005bc                _sidata = LOADADDR (.data)

.data           0x0000000020000000        0x0 load address 0x00000000080005bc
                0x0000000020000000                . = ALIGN (0x4)
                0x0000000020000000                _sdata = .
 *(.data)
 *(.data*)
                0x0000000020000000                . = ALIGN (0x4)
                0x0000000020000000                _edata = .

.igot.plt       0x0000000020000000        0x0 load address 0x00000000080005bc
 .igot.plt      0x0000000020000000        0x0 /home/ap/code/gcc-arm-none-eabi-8-2018-q4-major/bin/../lib/gcc/arm-none-eabi/8.2.1/thumb/v6-m/nofp/crtbegin.o
                0x0000000020000000                . = ALIGN (0x4)

.bss            0x0000000020000000       0xb8 load address 0x00000000080005bc
                0x0000000020000000                _sbss = .
                0x0000000020000000                __bss_start__ = _sbss
 *(.bss)
 .bss           0x0000000020000000       0x1c /home/ap/code/gcc-arm-none-eabi-8-2018-q4-major/bin/../lib/gcc/arm-none-eabi/8.2.1/thumb/v6-m/nofp/crtbegin.o
 *(.bss*)
 .bss._ZGVZN3Pin4makeIN3mcu4Pin_ILNS1_6PeriphE4ELi15EEELNS1_7PinModeE1ELNS1_8PushPullE0EEERDavE3pin
                0x000000002000001c        0x4 build/main.o
                0x000000002000001c                guard variable for Pin::make<mcu::Pin_<(mcu::Periph)4, 15>, (mcu::PinMode)1, (mcu::PushPull)0>()::pin
 .bss._ZZN3Pin4makeIN3mcu4Pin_ILNS1_6PeriphE4ELi15EEELNS1_7PinModeE1ELNS1_8PushPullE0EEERDavE3pin
                0x0000000020000020        0x8 build/main.o
                0x0000000020000020                Pin::make<mcu::Pin_<(mcu::Periph)4, 15>, (mcu::PinMode)1, (mcu::PushPull)0>()::pin
 .bss._ZGVZN3Pin4makeIN3mcu4Pin_ILNS1_6PeriphE3ELi8EEELNS1_7PinModeE1ELNS1_8PushPullE0EEERDavE3pin
                0x0000000020000028        0x4 build/main.o
                0x0000000020000028                guard variable for Pin::make<mcu::Pin_<(mcu::Periph)3, 8>, (mcu::PinMode)1, (mcu::PushPull)0>()::pin
 .bss._ZZN3Pin4makeIN3mcu4Pin_ILNS1_6PeriphE3ELi8EEELNS1_7PinModeE1ELNS1_8PushPullE0EEERDavE3pin
                0x000000002000002c        0x8 build/main.o
                0x000000002000002c                Pin::make<mcu::Pin_<(mcu::Periph)3, 8>, (mcu::PinMode)1, (mcu::PushPull)0>()::pin
 .bss._ZGVZN3Pin4makeIN3mcu4Pin_ILNS1_6PeriphE3ELi9EEELNS1_7PinModeE1ELNS1_8PushPullE0EEERDavE3pin
                0x0000000020000034        0x4 build/main.o
                0x0000000020000034                guard variable for Pin::make<mcu::Pin_<(mcu::Periph)3, 9>, (mcu::PinMode)1, (mcu::PushPull)0>()::pin
 .bss._ZZN3Pin4makeIN3mcu4Pin_ILNS1_6PeriphE3ELi9EEELNS1_7PinModeE1ELNS1_8PushPullE0EEERDavE3pin
                0x0000000020000038        0x8 build/main.o
                0x0000000020000038                Pin::make<mcu::Pin_<(mcu::Periph)3, 9>, (mcu::PinMode)1, (mcu::PushPull)0>()::pin
 .bss._ZGVZN3Pin4makeIN3mcu4Pin_ILNS1_6PeriphE3ELi0EEELNS1_7PinModeE1ELNS1_8PushPullE0EEERDavE3pin
                0x0000000020000040        0x4 build/main.o
                0x0000000020000040                guard variable for Pin::make<mcu::Pin_<(mcu::Periph)3, 0>, (mcu::PinMode)1, (mcu::PushPull)0>()::pin
 .bss._ZZN3Pin4makeIN3mcu4Pin_ILNS1_6PeriphE3ELi0EEELNS1_7PinModeE1ELNS1_8PushPullE0EEERDavE3pin
                0x0000000020000044        0x8 build/main.o
                0x0000000020000044                Pin::make<mcu::Pin_<(mcu::Periph)3, 0>, (mcu::PinMode)1, (mcu::PushPull)0>()::pin
 .bss._ZGVZN3Pin4makeIN3mcu4Pin_ILNS1_6PeriphE3ELi10EEELNS1_7PinModeE1ELNS1_8PushPullE0EEERDavE3pin
                0x000000002000004c        0x4 build/main.o
                0x000000002000004c                guard variable for Pin::make<mcu::Pin_<(mcu::Periph)3, 10>, (mcu::PinMode)1, (mcu::PushPull)0>()::pin
 .bss._ZZN3Pin4makeIN3mcu4Pin_ILNS1_6PeriphE3ELi10EEELNS1_7PinModeE1ELNS1_8PushPullE0EEERDavE3pin
                0x0000000020000050        0x8 build/main.o
                0x0000000020000050                Pin::make<mcu::Pin_<(mcu::Periph)3, 10>, (mcu::PinMode)1, (mcu::PushPull)0>()::pin
 .bss._ZGVZN3Pin4makeIN3mcu4Pin_ILNS1_6PeriphE3ELi11EEELNS1_7PinModeE1ELNS1_8PushPullE0EEERDavE3pin
                0x0000000020000058        0x4 build/main.o
                0x0000000020000058                guard variable for Pin::make<mcu::Pin_<(mcu::Periph)3, 11>, (mcu::PinMode)1, (mcu::PushPull)0>()::pin
 .bss._ZZN3Pin4makeIN3mcu4Pin_ILNS1_6PeriphE3ELi11EEELNS1_7PinModeE1ELNS1_8PushPullE0EEERDavE3pin
                0x000000002000005c        0x8 build/main.o
                0x000000002000005c                Pin::make<mcu::Pin_<(mcu::Periph)3, 11>, (mcu::PinMode)1, (mcu::PushPull)0>()::pin
 .bss._ZGVZN3Pin4makeIN3mcu4Pin_ILNS1_6PeriphE3ELi12EEELNS1_7PinModeE1ELNS1_8PushPullE0EEERDavE3pin
                0x0000000020000064        0x4 build/main.o
                0x0000000020000064                guard variable for Pin::make<mcu::Pin_<(mcu::Periph)3, 12>, (mcu::PinMode)1, (mcu::PushPull)0>()::pin
 .bss._ZZN3Pin4makeIN3mcu4Pin_ILNS1_6PeriphE3ELi12EEELNS1_7PinModeE1ELNS1_8PushPullE0EEERDavE3pin
                0x0000000020000068        0x8 build/main.o
                0x0000000020000068                Pin::make<mcu::Pin_<(mcu::Periph)3, 12>, (mcu::PinMode)1, (mcu::PushPull)0>()::pin
 .bss._ZGVZN3Pin4makeIN3mcu4Pin_ILNS1_6PeriphE3ELi1EEELNS1_7PinModeE1ELNS1_8PushPullE0EEERDavE3pin
                0x0000000020000070        0x4 build/main.o
                0x0000000020000070                guard variable for Pin::make<mcu::Pin_<(mcu::Periph)3, 1>, (mcu::PinMode)1, (mcu::PushPull)0>()::pin
 .bss._ZZN3Pin4makeIN3mcu4Pin_ILNS1_6PeriphE3ELi1EEELNS1_7PinModeE1ELNS1_8PushPullE0EEERDavE3pin
                0x0000000020000074        0x8 build/main.o
                0x0000000020000074                Pin::make<mcu::Pin_<(mcu::Periph)3, 1>, (mcu::PinMode)1, (mcu::PushPull)0>()::pin
 .bss._ZGVZN3Pin4makeIN3mcu4Pin_ILNS1_6PeriphE4ELi2EEELNS1_7PinModeE0ELNS1_8PushPullE0EEERDavE3pin
                0x000000002000007c        0x4 build/main.o
                0x000000002000007c                guard variable for Pin::make<mcu::Pin_<(mcu::Periph)4, 2>, (mcu::PinMode)0, (mcu::PushPull)0>()::pin
 .bss._ZZN3Pin4makeIN3mcu4Pin_ILNS1_6PeriphE4ELi2EEELNS1_7PinModeE0ELNS1_8PushPullE0EEERDavE3pin
                0x0000000020000080        0x8 build/main.o
                0x0000000020000080                Pin::make<mcu::Pin_<(mcu::Periph)4, 2>, (mcu::PinMode)0, (mcu::PushPull)0>()::pin
 .bss._ZGVZN3Pin4makeIN3mcu4Pin_ILNS1_6PeriphE4ELi1EEELNS1_7PinModeE0ELNS1_8PushPullE0EEERDavE3pin
                0x0000000020000088        0x4 build/main.o
                0x0000000020000088                guard variable for Pin::make<mcu::Pin_<(mcu::Periph)4, 1>, (mcu::PinMode)0, (mcu::PushPull)0>()::pin
 .bss._ZZN3Pin4makeIN3mcu4Pin_ILNS1_6PeriphE4ELi1EEELNS1_7PinModeE0ELNS1_8PushPullE0EEERDavE3pin
                0x000000002000008c        0x8 build/main.o
                0x000000002000008c                Pin::make<mcu::Pin_<(mcu::Periph)4, 1>, (mcu::PinMode)0, (mcu::PushPull)0>()::pin
 .bss._ZGVZN3Pin4makeIN3mcu4Pin_ILNS1_6PeriphE4ELi0EEELNS1_7PinModeE0ELNS1_8PushPullE0EEERDavE3pin
                0x0000000020000094        0x4 build/main.o
                0x0000000020000094                guard variable for Pin::make<mcu::Pin_<(mcu::Periph)4, 0>, (mcu::PinMode)0, (mcu::PushPull)0>()::pin
 .bss._ZZN3Pin4makeIN3mcu4Pin_ILNS1_6PeriphE4ELi0EEELNS1_7PinModeE0ELNS1_8PushPullE0EEERDavE3pin
                0x0000000020000098        0x8 build/main.o
                0x0000000020000098                Pin::make<mcu::Pin_<(mcu::Periph)4, 0>, (mcu::PinMode)0, (mcu::PushPull)0>()::pin
 .bss._ZGVZN3Pin4makeIN3mcu4Pin_ILNS1_6PeriphE3ELi6EEELNS1_7PinModeE0ELNS1_8PushPullE0EEERDavE3pin
                0x00000000200000a0        0x4 build/main.o
                0x00000000200000a0                guard variable for Pin::make<mcu::Pin_<(mcu::Periph)3, 6>, (mcu::PinMode)0, (mcu::PushPull)0>()::pin
 .bss._ZZN3Pin4makeIN3mcu4Pin_ILNS1_6PeriphE3ELi6EEELNS1_7PinModeE0ELNS1_8PushPullE0EEERDavE3pin
                0x00000000200000a4        0x8 build/main.o
                0x00000000200000a4                Pin::make<mcu::Pin_<(mcu::Periph)3, 6>, (mcu::PinMode)0, (mcu::PushPull)0>()::pin
 .bss._ZGVZN3Pin4makeIN3mcu4Pin_ILNS1_6PeriphE3ELi3EEELNS1_7PinModeE0ELNS1_8PushPullE0EEERDavE3pin
                0x00000000200000ac        0x4 build/main.o
                0x00000000200000ac                guard variable for Pin::make<mcu::Pin_<(mcu::Periph)3, 3>, (mcu::PinMode)0, (mcu::PushPull)0>()::pin
 .bss._ZZN3Pin4makeIN3mcu4Pin_ILNS1_6PeriphE3ELi3EEELNS1_7PinModeE0ELNS1_8PushPullE0EEERDavE3pin
                0x00000000200000b0        0x8 build/main.o
                0x00000000200000b0                Pin::make<mcu::Pin_<(mcu::Periph)3, 3>, (mcu::PinMode)0, (mcu::PushPull)0>()::pin
 *(COMMON)
                0x00000000200000b8                . = ALIGN (0x4)
                0x00000000200000b8                _ebss = .
                0x00000000200000b8                __bss_end__ = _ebss

._user_heap_stack
                0x00000000200000b8      0x600 load address 0x00000000080005bc
                0x00000000200000b8                . = ALIGN (0x8)
                [!provide]                        PROVIDE (end = .)
                [!provide]                        PROVIDE (_end = .)
                0x00000000200002b8                . = (. + _Min_Heap_Size)
 *fill*         0x00000000200000b8      0x200 
                0x00000000200006b8                . = (. + _Min_Stack_Size)
 *fill*         0x00000000200002b8      0x400 
                0x00000000200006b8                . = ALIGN (0x8)

/DISCARD/
 libc.a(*)
 libm.a(*)
 libgcc.a(*)

.ARM.attributes
                0x0000000000000000       0x28
 *(.ARM.attributes)
 .ARM.attributes
                0x0000000000000000       0x1e /home/ap/code/gcc-arm-none-eabi-8-2018-q4-major/bin/../lib/gcc/arm-none-eabi/8.2.1/thumb/v6-m/nofp/crti.o
 .ARM.attributes
                0x000000000000001e       0x2c /home/ap/code/gcc-arm-none-eabi-8-2018-q4-major/bin/../lib/gcc/arm-none-eabi/8.2.1/thumb/v6-m/nofp/crtbegin.o
 .ARM.attributes
                0x000000000000004a       0x2c build/main.o
 .ARM.attributes
                0x0000000000000076       0x21 build/startup_stm32f030x6.o
 .ARM.attributes
                0x0000000000000097       0x2c /home/ap/code/gcc-arm-none-eabi-8-2018-q4-major/bin/../lib/gcc/arm-none-eabi/8.2.1/../../../../arm-none-eabi/lib/thumb/v6-m/nofp/libc_nano.a(lib_a-init.o)
 .ARM.attributes
                0x00000000000000c3       0x1e /home/ap/code/gcc-arm-none-eabi-8-2018-q4-major/bin/../lib/gcc/arm-none-eabi/8.2.1/thumb/v6-m/nofp/crtn.o
OUTPUT(build/EO112.elf elf32-littlearm)

.debug_info     0x0000000000000000    0x140d9
 .debug_info    0x0000000000000000    0x140b7 build/main.o
 .debug_info    0x00000000000140b7       0x22 build/startup_stm32f030x6.o

.debug_abbrev   0x0000000000000000      0xce7
 .debug_abbrev  0x0000000000000000      0xcd5 build/main.o
 .debug_abbrev  0x0000000000000cd5       0x12 build/startup_stm32f030x6.o

.debug_loc      0x0000000000000000     0x191f
 .debug_loc     0x0000000000000000     0x191f build/main.o

.debug_aranges  0x0000000000000000       0x70
 .debug_aranges
                0x0000000000000000       0x48 build/main.o
 .debug_aranges
                0x0000000000000048       0x28 build/startup_stm32f030x6.o

.debug_ranges   0x0000000000000000      0x870
 .debug_ranges  0x0000000000000000      0x850 build/main.o
 .debug_ranges  0x0000000000000850       0x20 build/startup_stm32f030x6.o

.debug_line     0x0000000000000000      0xf45
 .debug_line    0x0000000000000000      0xeb4 build/main.o
 .debug_line    0x0000000000000eb4       0x91 build/startup_stm32f030x6.o

.debug_str      0x0000000000000000    0x13c10
 .debug_str     0x0000000000000000    0x13bd2 build/main.o
                                      0x13ffa (size before relaxing)
 .debug_str     0x0000000000013bd2       0x3e build/startup_stm32f030x6.o
                                         0x57 (size before relaxing)

.comment        0x0000000000000000       0x75
 .comment       0x0000000000000000       0x75 build/main.o
                                         0x76 (size before relaxing)

.debug_frame    0x0000000000000000       0xd8
 .debug_frame   0x0000000000000000       0xac build/main.o
 .debug_frame   0x00000000000000ac       0x2c /home/ap/code/gcc-arm-none-eabi-8-2018-q4-major/bin/../lib/gcc/arm-none-eabi/8.2.1/../../../../arm-none-eabi/lib/thumb/v6-m/nofp/libc_nano.a(lib_a-init.o)

Cross Reference Table

Symbol                                            File
ADC1_IRQHandler                                   build/startup_stm32f030x6.o
DMA1_Channel1_IRQHandler                          build/startup_stm32f030x6.o
DMA1_Channel2_3_IRQHandler                        build/startup_stm32f030x6.o
DMA1_Channel4_5_IRQHandler                        build/startup_stm32f030x6.o
Default_Handler                                   build/startup_stm32f030x6.o
EXTI0_1_IRQHandler                                build/startup_stm32f030x6.o
EXTI2_3_IRQHandler                                build/startup_stm32f030x6.o
EXTI4_15_IRQHandler                               build/startup_stm32f030x6.o
FLASH_IRQHandler                                  build/startup_stm32f030x6.o
HardFault_Handler                                 build/startup_stm32f030x6.o
I2C1_IRQHandler                                   build/startup_stm32f030x6.o
NMI_Handler                                       build/startup_stm32f030x6.o
PendSV_Handler                                    build/startup_stm32f030x6.o
Pin::make<mcu::Pin_<(mcu::Periph)3, 0>, (mcu::PinMode)1, (mcu::PushPull)0>()::pin build/main.o
Pin::make<mcu::Pin_<(mcu::Periph)3, 10>, (mcu::PinMode)1, (mcu::PushPull)0>()::pin build/main.o
Pin::make<mcu::Pin_<(mcu::Periph)3, 11>, (mcu::PinMode)1, (mcu::PushPull)0>()::pin build/main.o
Pin::make<mcu::Pin_<(mcu::Periph)3, 12>, (mcu::PinMode)1, (mcu::PushPull)0>()::pin build/main.o
Pin::make<mcu::Pin_<(mcu::Periph)3, 1>, (mcu::PinMode)1, (mcu::PushPull)0>()::pin build/main.o
Pin::make<mcu::Pin_<(mcu::Periph)3, 3>, (mcu::PinMode)0, (mcu::PushPull)0>()::pin build/main.o
Pin::make<mcu::Pin_<(mcu::Periph)3, 6>, (mcu::PinMode)0, (mcu::PushPull)0>()::pin build/main.o
Pin::make<mcu::Pin_<(mcu::Periph)3, 8>, (mcu::PinMode)1, (mcu::PushPull)0>()::pin build/main.o
Pin::make<mcu::Pin_<(mcu::Periph)3, 9>, (mcu::PinMode)1, (mcu::PushPull)0>()::pin build/main.o
Pin::make<mcu::Pin_<(mcu::Periph)4, 0>, (mcu::PinMode)0, (mcu::PushPull)0>()::pin build/main.o
Pin::make<mcu::Pin_<(mcu::Periph)4, 15>, (mcu::PinMode)1, (mcu::PushPull)0>()::pin build/main.o
Pin::make<mcu::Pin_<(mcu::Periph)4, 1>, (mcu::PinMode)0, (mcu::PushPull)0>()::pin build/main.o
Pin::make<mcu::Pin_<(mcu::Periph)4, 2>, (mcu::PinMode)0, (mcu::PushPull)0>()::pin build/main.o
RCC_IRQHandler                                    build/startup_stm32f030x6.o
RTC_IRQHandler                                    build/startup_stm32f030x6.o
Reset_Handler                                     build/startup_stm32f030x6.o
SPI1_IRQHandler                                   build/startup_stm32f030x6.o
SVC_Handler                                       build/startup_stm32f030x6.o
SysTick_Handler                                   build/startup_stm32f030x6.o
TIM14_IRQHandler                                  build/startup_stm32f030x6.o
TIM16_IRQHandler                                  build/startup_stm32f030x6.o
TIM17_IRQHandler                                  build/startup_stm32f030x6.o
TIM1_BRK_UP_TRG_COM_IRQHandler                    build/startup_stm32f030x6.o
TIM1_CC_IRQHandler                                build/startup_stm32f030x6.o
TIM3_IRQHandler                                   build/startup_stm32f030x6.o
USART1_IRQHandler                                 build/startup_stm32f030x6.o
WWDG_IRQHandler                                   build/startup_stm32f030x6.o
__bss_end__                                       /home/ap/code/gcc-arm-none-eabi-8-2018-q4-major/bin/../lib/gcc/arm-none-eabi/8.2.1/../../../../arm-none-eabi/lib/thumb/v6-m/nofp/crt0.o
__bss_start__                                     /home/ap/code/gcc-arm-none-eabi-8-2018-q4-major/bin/../lib/gcc/arm-none-eabi/8.2.1/../../../../arm-none-eabi/lib/thumb/v6-m/nofp/crt0.o
__call_exitprocs                                  /home/ap/code/gcc-arm-none-eabi-8-2018-q4-major/bin/../lib/gcc/arm-none-eabi/8.2.1/../../../../arm-none-eabi/lib/thumb/v6-m/nofp/libc_nano.a(lib_a-exit.o)
__deregister_frame_info                           /home/ap/code/gcc-arm-none-eabi-8-2018-q4-major/bin/../lib/gcc/arm-none-eabi/8.2.1/thumb/v6-m/nofp/crtbegin.o
__dso_handle                                      /home/ap/code/gcc-arm-none-eabi-8-2018-q4-major/bin/../lib/gcc/arm-none-eabi/8.2.1/thumb/v6-m/nofp/crtbegin.o
__init_array_end                                  /home/ap/code/gcc-arm-none-eabi-8-2018-q4-major/bin/../lib/gcc/arm-none-eabi/8.2.1/../../../../arm-none-eabi/lib/thumb/v6-m/nofp/libc_nano.a(lib_a-init.o)
__init_array_start                                /home/ap/code/gcc-arm-none-eabi-8-2018-q4-major/bin/../lib/gcc/arm-none-eabi/8.2.1/../../../../arm-none-eabi/lib/thumb/v6-m/nofp/libc_nano.a(lib_a-init.o)
__libc_fini_array                                 /home/ap/code/gcc-arm-none-eabi-8-2018-q4-major/bin/../lib/gcc/arm-none-eabi/8.2.1/../../../../arm-none-eabi/lib/thumb/v6-m/nofp/crt0.o
__libc_init_array                                 /home/ap/code/gcc-arm-none-eabi-8-2018-q4-major/bin/../lib/gcc/arm-none-eabi/8.2.1/../../../../arm-none-eabi/lib/thumb/v6-m/nofp/libc_nano.a(lib_a-init.o)
                                                  build/startup_stm32f030x6.o
                                                  /home/ap/code/gcc-arm-none-eabi-8-2018-q4-major/bin/../lib/gcc/arm-none-eabi/8.2.1/../../../../arm-none-eabi/lib/thumb/v6-m/nofp/crt0.o
__preinit_array_end                               /home/ap/code/gcc-arm-none-eabi-8-2018-q4-major/bin/../lib/gcc/arm-none-eabi/8.2.1/../../../../arm-none-eabi/lib/thumb/v6-m/nofp/libc_nano.a(lib_a-init.o)
__preinit_array_start                             /home/ap/code/gcc-arm-none-eabi-8-2018-q4-major/bin/../lib/gcc/arm-none-eabi/8.2.1/../../../../arm-none-eabi/lib/thumb/v6-m/nofp/libc_nano.a(lib_a-init.o)
__register_frame_info                             /home/ap/code/gcc-arm-none-eabi-8-2018-q4-major/bin/../lib/gcc/arm-none-eabi/8.2.1/thumb/v6-m/nofp/crtbegin.o
__sf_fake_stderr                                  /home/ap/code/gcc-arm-none-eabi-8-2018-q4-major/bin/../lib/gcc/arm-none-eabi/8.2.1/../../../../arm-none-eabi/lib/thumb/v6-m/nofp/libc_nano.a(lib_a-impure.o)
__sf_fake_stdin                                   /home/ap/code/gcc-arm-none-eabi-8-2018-q4-major/bin/../lib/gcc/arm-none-eabi/8.2.1/../../../../arm-none-eabi/lib/thumb/v6-m/nofp/libc_nano.a(lib_a-impure.o)
__sf_fake_stdout                                  /home/ap/code/gcc-arm-none-eabi-8-2018-q4-major/bin/../lib/gcc/arm-none-eabi/8.2.1/../../../../arm-none-eabi/lib/thumb/v6-m/nofp/libc_nano.a(lib_a-impure.o)
__stack                                           /home/ap/code/gcc-arm-none-eabi-8-2018-q4-major/bin/../lib/gcc/arm-none-eabi/8.2.1/../../../../arm-none-eabi/lib/thumb/v6-m/nofp/crt0.o
_ebss                                             build/startup_stm32f030x6.o
_edata                                            build/startup_stm32f030x6.o
_estack                                           build/startup_stm32f030x6.o
_exit                                             /home/ap/code/gcc-arm-none-eabi-8-2018-q4-major/bin/../lib/gcc/arm-none-eabi/8.2.1/../../../../arm-none-eabi/lib/thumb/v6-m/nofp/libnosys.a(_exit.o)
                                                  /home/ap/code/gcc-arm-none-eabi-8-2018-q4-major/bin/../lib/gcc/arm-none-eabi/8.2.1/../../../../arm-none-eabi/lib/thumb/v6-m/nofp/libc_nano.a(lib_a-exit.o)
_fini                                             /home/ap/code/gcc-arm-none-eabi-8-2018-q4-major/bin/../lib/gcc/arm-none-eabi/8.2.1/thumb/v6-m/nofp/crti.o
_global_impure_ptr                                /home/ap/code/gcc-arm-none-eabi-8-2018-q4-major/bin/../lib/gcc/arm-none-eabi/8.2.1/../../../../arm-none-eabi/lib/thumb/v6-m/nofp/libc_nano.a(lib_a-impure.o)
                                                  /home/ap/code/gcc-arm-none-eabi-8-2018-q4-major/bin/../lib/gcc/arm-none-eabi/8.2.1/../../../../arm-none-eabi/lib/thumb/v6-m/nofp/libc_nano.a(lib_a-exit.o)
_impure_ptr                                       /home/ap/code/gcc-arm-none-eabi-8-2018-q4-major/bin/../lib/gcc/arm-none-eabi/8.2.1/../../../../arm-none-eabi/lib/thumb/v6-m/nofp/libc_nano.a(lib_a-impure.o)
_init                                             /home/ap/code/gcc-arm-none-eabi-8-2018-q4-major/bin/../lib/gcc/arm-none-eabi/8.2.1/thumb/v6-m/nofp/crti.o
                                                  /home/ap/code/gcc-arm-none-eabi-8-2018-q4-major/bin/../lib/gcc/arm-none-eabi/8.2.1/../../../../arm-none-eabi/lib/thumb/v6-m/nofp/libc_nano.a(lib_a-init.o)
_mainCRTStartup                                   /home/ap/code/gcc-arm-none-eabi-8-2018-q4-major/bin/../lib/gcc/arm-none-eabi/8.2.1/../../../../arm-none-eabi/lib/thumb/v6-m/nofp/crt0.o
_sbss                                             build/startup_stm32f030x6.o
_sdata                                            build/startup_stm32f030x6.o
_sidata                                           build/startup_stm32f030x6.o
_start                                            /home/ap/code/gcc-arm-none-eabi-8-2018-q4-major/bin/../lib/gcc/arm-none-eabi/8.2.1/../../../../arm-none-eabi/lib/thumb/v6-m/nofp/crt0.o
atexit                                            /home/ap/code/gcc-arm-none-eabi-8-2018-q4-major/bin/../lib/gcc/arm-none-eabi/8.2.1/../../../../arm-none-eabi/lib/thumb/v6-m/nofp/crt0.o
exit                                              /home/ap/code/gcc-arm-none-eabi-8-2018-q4-major/bin/../lib/gcc/arm-none-eabi/8.2.1/../../../../arm-none-eabi/lib/thumb/v6-m/nofp/libc_nano.a(lib_a-exit.o)
                                                  /home/ap/code/gcc-arm-none-eabi-8-2018-q4-major/bin/../lib/gcc/arm-none-eabi/8.2.1/../../../../arm-none-eabi/lib/thumb/v6-m/nofp/crt0.o
g_pfnVectors                                      build/startup_stm32f030x6.o
guard variable for Pin::make<mcu::Pin_<(mcu::Periph)3, 0>, (mcu::PinMode)1, (mcu::PushPull)0>()::pin build/main.o
guard variable for Pin::make<mcu::Pin_<(mcu::Periph)3, 10>, (mcu::PinMode)1, (mcu::PushPull)0>()::pin build/main.o
guard variable for Pin::make<mcu::Pin_<(mcu::Periph)3, 11>, (mcu::PinMode)1, (mcu::PushPull)0>()::pin build/main.o
guard variable for Pin::make<mcu::Pin_<(mcu::Periph)3, 12>, (mcu::PinMode)1, (mcu::PushPull)0>()::pin build/main.o
guard variable for Pin::make<mcu::Pin_<(mcu::Periph)3, 1>, (mcu::PinMode)1, (mcu::PushPull)0>()::pin build/main.o
guard variable for Pin::make<mcu::Pin_<(mcu::Periph)3, 3>, (mcu::PinMode)0, (mcu::PushPull)0>()::pin build/main.o
guard variable for Pin::make<mcu::Pin_<(mcu::Periph)3, 6>, (mcu::PinMode)0, (mcu::PushPull)0>()::pin build/main.o
guard variable for Pin::make<mcu::Pin_<(mcu::Periph)3, 8>, (mcu::PinMode)1, (mcu::PushPull)0>()::pin build/main.o
guard variable for Pin::make<mcu::Pin_<(mcu::Periph)3, 9>, (mcu::PinMode)1, (mcu::PushPull)0>()::pin build/main.o
guard variable for Pin::make<mcu::Pin_<(mcu::Periph)4, 0>, (mcu::PinMode)0, (mcu::PushPull)0>()::pin build/main.o
guard variable for Pin::make<mcu::Pin_<(mcu::Periph)4, 15>, (mcu::PinMode)1, (mcu::PushPull)0>()::pin build/main.o
guard variable for Pin::make<mcu::Pin_<(mcu::Periph)4, 1>, (mcu::PinMode)0, (mcu::PushPull)0>()::pin build/main.o
guard variable for Pin::make<mcu::Pin_<(mcu::Periph)4, 2>, (mcu::PinMode)0, (mcu::PushPull)0>()::pin build/main.o
hardware_init_hook                                /home/ap/code/gcc-arm-none-eabi-8-2018-q4-major/bin/../lib/gcc/arm-none-eabi/8.2.1/../../../../arm-none-eabi/lib/thumb/v6-m/nofp/crt0.o
init_clock                                        build/main.o
                                                  build/startup_stm32f030x6.o
main                                              build/main.o
                                                  build/startup_stm32f030x6.o
                                                  /home/ap/code/gcc-arm-none-eabi-8-2018-q4-major/bin/../lib/gcc/arm-none-eabi/8.2.1/../../../../arm-none-eabi/lib/thumb/v6-m/nofp/crt0.o
mcu::FLASH::start_erase(mcu::FLASH::Sector)       build/main.o
mcu::FLASH::unlock()                              build/main.o
memset                                            /home/ap/code/gcc-arm-none-eabi-8-2018-q4-major/bin/../lib/gcc/arm-none-eabi/8.2.1/../../../../arm-none-eabi/lib/thumb/v6-m/nofp/libc_nano.a(lib_a-memset.o)
                                                  /home/ap/code/gcc-arm-none-eabi-8-2018-q4-major/bin/../lib/gcc/arm-none-eabi/8.2.1/../../../../arm-none-eabi/lib/thumb/v6-m/nofp/crt0.o
meta::tuple_generate_impl<Pin&, std::integer_sequence<unsigned int, __integer_pack(5), __integer_pack(5), __integer_pack(5), __integer_pack(5), __integer_pack(5)> >::type make_pins<(mcu::PinMode)0, mcu::Pin_<(mcu::Periph)3, 3>, mcu::Pin_<(mcu::Periph)3, 6>, mcu::Pin_<(mcu::Periph)4, 0>, mcu::Pin_<(mcu::Periph)4, 1>, mcu::Pin_<(mcu::Periph)4, 2> >() build/main.o
meta::tuple_generate_impl<Pin&, std::integer_sequence<unsigned int, __integer_pack(8), __integer_pack(8), __integer_pack(8), __integer_pack(8), __integer_pack(8), __integer_pack(8), __integer_pack(8), __integer_pack(8)> >::type make_pins<(mcu::PinMode)1, mcu::Pin_<(mcu::Periph)3, 1>, mcu::Pin_<(mcu::Periph)3, 12>, mcu::Pin_<(mcu::Periph)3, 11>, mcu::Pin_<(mcu::Periph)3, 10>, mcu::Pin_<(mcu::Periph)3, 0>, mcu::Pin_<(mcu::Periph)3, 9>, mcu::Pin_<(mcu::Periph)3, 8>, mcu::Pin_<(mcu::Periph)4, 15> >() build/main.o
software_init_hook                                /home/ap/code/gcc-arm-none-eabi-8-2018-q4-major/bin/../lib/gcc/arm-none-eabi/8.2.1/../../../../arm-none-eabi/lib/thumb/v6-m/nofp/crt0.o
