Archive member included to satisfy reference by file (symbol)

/usr/lib/gcc/arm-none-eabi/9.2.1/../../../arm-none-eabi/lib/thumb/v6-m/nofp/libstdc++_nano.a(atexit_arm.o)
                              build/main.o (__aeabi_atexit)
/usr/lib/gcc/arm-none-eabi/9.2.1/../../../arm-none-eabi/lib/thumb/v6-m/nofp/libc_nano.a(lib_a-atexit.o)
                              /usr/lib/gcc/arm-none-eabi/9.2.1/../../../arm-none-eabi/lib/thumb/v6-m/nofp/crt0.o (atexit)
/usr/lib/gcc/arm-none-eabi/9.2.1/../../../arm-none-eabi/lib/thumb/v6-m/nofp/libc_nano.a(lib_a-cxa_atexit.o)
                              /usr/lib/gcc/arm-none-eabi/9.2.1/../../../arm-none-eabi/lib/thumb/v6-m/nofp/libstdc++_nano.a(atexit_arm.o) (__cxa_atexit)
/usr/lib/gcc/arm-none-eabi/9.2.1/../../../arm-none-eabi/lib/thumb/v6-m/nofp/libc_nano.a(lib_a-exit.o)
                              /usr/lib/gcc/arm-none-eabi/9.2.1/../../../arm-none-eabi/lib/thumb/v6-m/nofp/crt0.o (exit)
/usr/lib/gcc/arm-none-eabi/9.2.1/../../../arm-none-eabi/lib/thumb/v6-m/nofp/libc_nano.a(lib_a-fini.o)
                              /usr/lib/gcc/arm-none-eabi/9.2.1/../../../arm-none-eabi/lib/thumb/v6-m/nofp/crt0.o (__libc_fini_array)
/usr/lib/gcc/arm-none-eabi/9.2.1/../../../arm-none-eabi/lib/thumb/v6-m/nofp/libc_nano.a(lib_a-impure.o)
                              /usr/lib/gcc/arm-none-eabi/9.2.1/../../../arm-none-eabi/lib/thumb/v6-m/nofp/libc_nano.a(lib_a-exit.o) (_global_impure_ptr)
/usr/lib/gcc/arm-none-eabi/9.2.1/../../../arm-none-eabi/lib/thumb/v6-m/nofp/libc_nano.a(lib_a-init.o)
                              /usr/lib/gcc/arm-none-eabi/9.2.1/../../../arm-none-eabi/lib/thumb/v6-m/nofp/crt0.o (__libc_init_array)
/usr/lib/gcc/arm-none-eabi/9.2.1/../../../arm-none-eabi/lib/thumb/v6-m/nofp/libc_nano.a(lib_a-memcpy-stub.o)
                              build/main.o (memcpy)
/usr/lib/gcc/arm-none-eabi/9.2.1/../../../arm-none-eabi/lib/thumb/v6-m/nofp/libc_nano.a(lib_a-memset.o)
                              /usr/lib/gcc/arm-none-eabi/9.2.1/../../../arm-none-eabi/lib/thumb/v6-m/nofp/crt0.o (memset)
/usr/lib/gcc/arm-none-eabi/9.2.1/../../../arm-none-eabi/lib/thumb/v6-m/nofp/libc_nano.a(lib_a-on_exit_args.o)
                              /usr/lib/gcc/arm-none-eabi/9.2.1/../../../arm-none-eabi/lib/thumb/v6-m/nofp/libc_nano.a(lib_a-cxa_atexit.o) (__on_exit_args)
/usr/lib/gcc/arm-none-eabi/9.2.1/../../../arm-none-eabi/lib/thumb/v6-m/nofp/libc_nano.a(lib_a-__atexit.o)
                              /usr/lib/gcc/arm-none-eabi/9.2.1/../../../arm-none-eabi/lib/thumb/v6-m/nofp/libc_nano.a(lib_a-atexit.o) (__register_exitproc)
/usr/lib/gcc/arm-none-eabi/9.2.1/../../../arm-none-eabi/lib/thumb/v6-m/nofp/libc_nano.a(lib_a-__call_atexit.o)
                              /usr/lib/gcc/arm-none-eabi/9.2.1/../../../arm-none-eabi/lib/thumb/v6-m/nofp/libc_nano.a(lib_a-__atexit.o) (__call_exitprocs)
/usr/lib/gcc/arm-none-eabi/9.2.1/thumb/v6-m/nofp/libgcc.a(_thumb1_case_uqi.o)
                              build/main.o (__gnu_thumb1_case_uqi)
/usr/lib/gcc/arm-none-eabi/9.2.1/thumb/v6-m/nofp/libgcc.a(_udivsi3.o)
                              build/main.o (__aeabi_uidiv)
/usr/lib/gcc/arm-none-eabi/9.2.1/thumb/v6-m/nofp/libgcc.a(_divsi3.o)
                              build/main.o (__aeabi_idiv)
/usr/lib/gcc/arm-none-eabi/9.2.1/thumb/v6-m/nofp/libgcc.a(_dvmd_tls.o)
                              /usr/lib/gcc/arm-none-eabi/9.2.1/thumb/v6-m/nofp/libgcc.a(_udivsi3.o) (__aeabi_idiv0)
/usr/lib/gcc/arm-none-eabi/9.2.1/thumb/v6-m/nofp/libgcc.a(_arm_cmpdf2.o)
                              build/main.o (__aeabi_dcmplt)
/usr/lib/gcc/arm-none-eabi/9.2.1/thumb/v6-m/nofp/libgcc.a(eqdf2.o)
                              /usr/lib/gcc/arm-none-eabi/9.2.1/thumb/v6-m/nofp/libgcc.a(_arm_cmpdf2.o) (__eqdf2)
/usr/lib/gcc/arm-none-eabi/9.2.1/thumb/v6-m/nofp/libgcc.a(gedf2.o)
                              /usr/lib/gcc/arm-none-eabi/9.2.1/thumb/v6-m/nofp/libgcc.a(_arm_cmpdf2.o) (__gedf2)
/usr/lib/gcc/arm-none-eabi/9.2.1/thumb/v6-m/nofp/libgcc.a(ledf2.o)
                              /usr/lib/gcc/arm-none-eabi/9.2.1/thumb/v6-m/nofp/libgcc.a(_arm_cmpdf2.o) (__ledf2)
/usr/lib/gcc/arm-none-eabi/9.2.1/thumb/v6-m/nofp/libgcc.a(muldf3.o)
                              build/main.o (__aeabi_dmul)
/usr/lib/gcc/arm-none-eabi/9.2.1/thumb/v6-m/nofp/libgcc.a(floatsidf.o)
                              build/main.o (__aeabi_i2d)
/usr/lib/gcc/arm-none-eabi/9.2.1/thumb/v6-m/nofp/libgcc.a(floatunsidf.o)
                              build/main.o (__aeabi_ui2d)
/usr/lib/gcc/arm-none-eabi/9.2.1/thumb/v6-m/nofp/libgcc.a(_clzsi2.o)
                              /usr/lib/gcc/arm-none-eabi/9.2.1/thumb/v6-m/nofp/libgcc.a(muldf3.o) (__clzsi2)
/usr/lib/gcc/arm-none-eabi/9.2.1/../../../arm-none-eabi/lib/thumb/v6-m/nofp/libnosys.a(_exit.o)
                              /usr/lib/gcc/arm-none-eabi/9.2.1/../../../arm-none-eabi/lib/thumb/v6-m/nofp/libc_nano.a(lib_a-exit.o) (_exit)

Discarded input sections

[...]
Memory Configuration

Name             Origin             Length             Attributes
RAM              0x0000000020000000 0x0000000000001000 xrw
FLASH            0x0000000008000000 0x0000000000008000 xr
*default*        0x0000000000000000 0xffffffffffffffff

Linker script and memory map

LOAD /usr/lib/gcc/arm-none-eabi/9.2.1/thumb/v6-m/nofp/crti.o
LOAD /usr/lib/gcc/arm-none-eabi/9.2.1/thumb/v6-m/nofp/crtbegin.o
LOAD /usr/lib/gcc/arm-none-eabi/9.2.1/../../../arm-none-eabi/lib/thumb/v6-m/nofp/crt0.o
LOAD build/main.o
LOAD build/startup_stm32f030x6.o
LOAD /usr/lib/gcc/arm-none-eabi/9.2.1/../../../arm-none-eabi/lib/thumb/v6-m/nofp/libnosys.a
LOAD /usr/lib/gcc/arm-none-eabi/9.2.1/../../../arm-none-eabi/lib/thumb/v6-m/nofp/libstdc++_nano.a
LOAD /usr/lib/gcc/arm-none-eabi/9.2.1/../../../arm-none-eabi/lib/thumb/v6-m/nofp/libm.a
LOAD /usr/lib/gcc/arm-none-eabi/9.2.1/../../../arm-none-eabi/lib/thumb/v6-m/nofp/libc_nano.a
START GROUP
LOAD /usr/lib/gcc/arm-none-eabi/9.2.1/thumb/v6-m/nofp/libgcc.a
LOAD /usr/lib/gcc/arm-none-eabi/9.2.1/../../../arm-none-eabi/lib/thumb/v6-m/nofp/libc_nano.a
END GROUP
START GROUP
LOAD /usr/lib/gcc/arm-none-eabi/9.2.1/thumb/v6-m/nofp/libgcc.a
LOAD /usr/lib/gcc/arm-none-eabi/9.2.1/../../../arm-none-eabi/lib/thumb/v6-m/nofp/libc_nano.a
LOAD /usr/lib/gcc/arm-none-eabi/9.2.1/../../../arm-none-eabi/lib/thumb/v6-m/nofp/libnosys.a
END GROUP
START GROUP
LOAD /usr/lib/gcc/arm-none-eabi/9.2.1/thumb/v6-m/nofp/libgcc.a
LOAD /usr/lib/gcc/arm-none-eabi/9.2.1/../../../arm-none-eabi/lib/thumb/v6-m/nofp/libc_nano.a
LOAD /usr/lib/gcc/arm-none-eabi/9.2.1/../../../arm-none-eabi/lib/thumb/v6-m/nofp/libnosys.a
END GROUP
LOAD /usr/lib/gcc/arm-none-eabi/9.2.1/thumb/v6-m/nofp/crtend.o
LOAD /usr/lib/gcc/arm-none-eabi/9.2.1/thumb/v6-m/nofp/crtn.o
                0x0000000020001000                _estack = 0x20001000
                0x0000000000000200                _Min_Heap_Size = 0x200
                0x0000000000000400                _Min_Stack_Size = 0x400

.isr_vector     0x0000000008000000       0xc0
                0x0000000008000000                . = ALIGN (0x4)
 *(.isr_vector)
 .isr_vector    0x0000000008000000       0xc0 build/startup_stm32f030x6.o
                0x0000000008000000                g_pfnVectors
                0x00000000080000c0                . = ALIGN (0x4)

.text           0x00000000080000c0     0x2200
                0x00000000080000c0                . = ALIGN (0x4)
 *(.text)
 .text          0x00000000080000c0       0x98 /usr/lib/gcc/arm-none-eabi/9.2.1/thumb/v6-m/nofp/crtbegin.o
 .text          0x0000000008000158       0x20 /usr/lib/gcc/arm-none-eabi/9.2.1/../../../arm-none-eabi/lib/thumb/v6-m/nofp/libc_nano.a(lib_a-cxa_atexit.o)
                0x0000000008000158                __cxa_atexit
 .text          0x0000000008000178       0x44 /usr/lib/gcc/arm-none-eabi/9.2.1/../../../arm-none-eabi/lib/thumb/v6-m/nofp/libc_nano.a(lib_a-init.o)
                0x0000000008000178                __libc_init_array
 .text          0x00000000080001bc       0xa8 /usr/lib/gcc/arm-none-eabi/9.2.1/../../../arm-none-eabi/lib/thumb/v6-m/nofp/libc_nano.a(lib_a-memcpy-stub.o)
                0x00000000080001bc                memcpy
 .text          0x0000000008000264       0xa8 /usr/lib/gcc/arm-none-eabi/9.2.1/../../../arm-none-eabi/lib/thumb/v6-m/nofp/libc_nano.a(lib_a-memset.o)
                0x0000000008000264                memset
 .text          0x000000000800030c       0xdc /usr/lib/gcc/arm-none-eabi/9.2.1/../../../arm-none-eabi/lib/thumb/v6-m/nofp/libc_nano.a(lib_a-__atexit.o)
                0x000000000800030c                __register_exitproc
 .text          0x00000000080003e8       0x14 /usr/lib/gcc/arm-none-eabi/9.2.1/thumb/v6-m/nofp/libgcc.a(_thumb1_case_uqi.o)
                0x00000000080003e8                __gnu_thumb1_case_uqi
 .text          0x00000000080003fc      0x114 /usr/lib/gcc/arm-none-eabi/9.2.1/thumb/v6-m/nofp/libgcc.a(_udivsi3.o)
                0x00000000080003fc                __udivsi3
                0x00000000080003fc                __aeabi_uidiv
                0x0000000008000508                __aeabi_uidivmod
 .text          0x0000000008000510        0x4 /usr/lib/gcc/arm-none-eabi/9.2.1/thumb/v6-m/nofp/libgcc.a(_dvmd_tls.o)
                0x0000000008000510                __aeabi_ldiv0
                0x0000000008000510                __aeabi_idiv0
 .text          0x0000000008000514       0x7c /usr/lib/gcc/arm-none-eabi/9.2.1/thumb/v6-m/nofp/libgcc.a(_arm_cmpdf2.o)
                0x0000000008000514                __aeabi_cdrcmple
                0x0000000008000524                __aeabi_cdcmple
                0x0000000008000524                __aeabi_cdcmpeq
                0x0000000008000534                __aeabi_dcmpeq
                0x0000000008000540                __aeabi_dcmplt
                0x0000000008000554                __aeabi_dcmple
                0x0000000008000568                __aeabi_dcmpgt
                0x000000000800057c                __aeabi_dcmpge
 .text          0x0000000008000590       0x78 /usr/lib/gcc/arm-none-eabi/9.2.1/thumb/v6-m/nofp/libgcc.a(eqdf2.o)
                0x0000000008000590                __eqdf2
                0x0000000008000590                __nedf2
 .text          0x0000000008000608       0xe4 /usr/lib/gcc/arm-none-eabi/9.2.1/thumb/v6-m/nofp/libgcc.a(gedf2.o)
                0x0000000008000608                __gtdf2
                0x0000000008000608                __gedf2
 .text          0x00000000080006ec       0xe0 /usr/lib/gcc/arm-none-eabi/9.2.1/thumb/v6-m/nofp/libgcc.a(ledf2.o)
                0x00000000080006ec                __ltdf2
                0x00000000080006ec                __ledf2
 .text          0x00000000080007cc      0x4d8 /usr/lib/gcc/arm-none-eabi/9.2.1/thumb/v6-m/nofp/libgcc.a(muldf3.o)
                0x00000000080007cc                __aeabi_dmul
 .text          0x0000000008000ca4       0x60 /usr/lib/gcc/arm-none-eabi/9.2.1/thumb/v6-m/nofp/libgcc.a(floatsidf.o)
                0x0000000008000ca4                __aeabi_i2d
 .text          0x0000000008000d04       0x4c /usr/lib/gcc/arm-none-eabi/9.2.1/thumb/v6-m/nofp/libgcc.a(floatunsidf.o)
                0x0000000008000d04                __aeabi_ui2d
 .text          0x0000000008000d50       0x3c /usr/lib/gcc/arm-none-eabi/9.2.1/thumb/v6-m/nofp/libgcc.a(_clzsi2.o)
                0x0000000008000d50                __clzsi2
 *(.text*)
 .text.NVIC_EnableIRQ
                0x0000000008000d8c       0x14 build/main.o
 .text._ZN5Timer6notifyEv
                0x0000000008000da0        0x8 build/main.o
                0x0000000008000da0                Timer::notify()
 .text._ZN11ADC_averageD2Ev
                0x0000000008000da8       0x20 build/main.o
                0x0000000008000da8                ADC_average::~ADC_average()
                0x0000000008000da8                ADC_average::~ADC_average()
 .text._ZN11ADC_average9interruptEv
                0x0000000008000dc8       0x46 build/main.o
                0x0000000008000dc8                ADC_average::interrupt()
 .text._ZSt9__find_ifIPbN9__gnu_cxx5__ops12_Iter_negateIZZN18Flash_updater_implIZ4mainE10Flash_dataJLN3mcu5FLASH6SectorE26ELS8_25EEE7is_readEvENKUlvE_clEvEUlRT_E_EEESB_SB_SB_T0_St26random_access_iterator_tag.isra.0
                0x0000000008000e0e       0x5c build/main.o
 .text._ZSt9__find_ifIPbN9__gnu_cxx5__ops10_Iter_predIZN18Flash_updater_implIZ4mainE10Flash_dataJLN3mcu5FLASH6SectorE26ELS8_25EEE7is_readEvEUlRT_E2_EEESA_SA_SA_T0_St26random_access_iterator_tag.isra.0
                0x0000000008000e6a       0x5c build/main.o
 .text._ZN9Interrupt9interruptEv.isra.0
                0x0000000008000ec6       0x16 build/main.o
 .text._ZN3mcu5FLASH6unlockEv
                0x0000000008000edc       0x18 build/main.o
                0x0000000008000edc                mcu::FLASH::unlock()
 .text._ZN3mcu5FLASH11start_eraseENS0_6SectorE
                0x0000000008000ef4       0x24 build/main.o
                0x0000000008000ef4                mcu::FLASH::start_erase(mcu::FLASH::Sector)
 .text._ZN9Publisher6notifyEv
                0x0000000008000f18       0x16 build/main.o
                0x0000000008000f18                Publisher::notify()
 .text._ZN11TickUpdater9interruptEv
                0x0000000008000f2e       0x22 build/main.o
                0x0000000008000f2e                TickUpdater::interrupt()
 .text.SysTick_Handler
                0x0000000008000f50       0x10 build/main.o
                0x0000000008000f50                SysTick_Handler
 .text._ZN14TickSubscriber16tick_unsubscribeEv
                0x0000000008000f60       0x40 build/main.o
                0x0000000008000f60                TickSubscriber::tick_unsubscribe()
 .text._ZN5Timer4stopEv
                0x0000000008000fa0        0xc build/main.o
                0x0000000008000fa0                Timer::stop()
 .text._ZN14TickSubscriber14tick_subscribeEv
                0x0000000008000fac       0x28 build/main.o
                0x0000000008000fac                TickSubscriber::tick_subscribe()
 .text._ZN3Pin6is_setEv
                0x0000000008000fd4       0x16 build/main.o
                0x0000000008000fd4                Pin::is_set()
 .text._ZN3PinaSEb
                0x0000000008000fea       0x16 build/main.o
                0x0000000008000fea                Pin::operator=(bool)
 .text.DMA1_Channel1_IRQHandler
                0x0000000008001000       0x1c build/main.o
                0x0000000008001000                DMA1_Channel1_IRQHandler
 .text.DMA1_Channel2_3_IRQHandler
                0x000000000800101c       0x2c build/main.o
                0x000000000800101c                DMA1_Channel2_3_IRQHandler
 .text.DMA1_Channel4_5_IRQHandler
                0x0000000008001048        0x2 build/main.o
                0x0000000008001048                DMA1_Channel4_5_IRQHandler
 *fill*         0x000000000800104a        0x2 
 .text.TIM1_BRK_UP_TRG_COM_IRQHandler
                0x000000000800104c       0x20 build/main.o
                0x000000000800104c                TIM1_BRK_UP_TRG_COM_IRQHandler
 .text.TIM1_CC_IRQHandler
                0x000000000800106c        0x8 build/main.o
                0x000000000800106c                TIM1_CC_IRQHandler
 .text.TIM3_IRQHandler
                0x0000000008001074       0x20 build/main.o
                0x0000000008001074                TIM3_IRQHandler
 .text.TIM14_IRQHandler
                0x0000000008001094        0x2 build/main.o
                0x0000000008001094                TIM14_IRQHandler
 .text.TIM16_IRQHandler
                0x0000000008001096        0x2 build/main.o
                0x0000000008001096                TIM16_IRQHandler
 .text.TIM17_IRQHandler
                0x0000000008001098        0x2 build/main.o
                0x0000000008001098                TIM17_IRQHandler
 *fill*         0x000000000800109a        0x2 
 .text.USART1_IRQHandler
                0x000000000800109c       0x1c build/main.o
                0x000000000800109c                USART1_IRQHandler
 .text.EXTI0_1_IRQHandler
                0x00000000080010b8       0x34 build/main.o
                0x00000000080010b8                EXTI0_1_IRQHandler
 .text.EXTI2_3_IRQHandler
                0x00000000080010ec       0x34 build/main.o
                0x00000000080010ec                EXTI2_3_IRQHandler
 .text.EXTI4_15_IRQHandler
                0x0000000008001120       0xf8 build/main.o
                0x0000000008001120                EXTI4_15_IRQHandler
 .text._ZN11ADC_average5startEv
                0x0000000008001218       0x38 build/main.o
                0x0000000008001218                ADC_average::start()
 .text.init_clock
                0x0000000008001250       0x68 build/main.o
                0x0000000008001250                init_clock
 .text._Z9make_pinsILN3mcu7PinModeE0EJNS0_4Pin_ILNS0_6PeriphE3ELi3EEENS2_ILS3_3ELi6EEENS2_ILS3_4ELi0EEENS2_ILS3_4ELi1EEENS2_ILS3_4ELi2EEENS2_ILS3_4ELi10EEEEEN4meta19tuple_generate_implIR3PinSt16integer_sequenceIjJXspcl14__integer_packsZT0_EEEEE4typeEv
                0x00000000080012b8      0x188 build/main.o
                0x00000000080012b8                meta::tuple_generate_impl<Pin&, std::integer_sequence<unsigned int, __integer_pack(6), __integer_pack(6), __integer_pack(6), __integer_pack(6), __integer_pack(6), __integer_pack(6)> >::type make_pins<(mcu::PinMode)0, mcu::Pin_<(mcu::Periph)3, 3>, mcu::Pin_<(mcu::Periph)3, 6>, mcu::Pin_<(mcu::Periph)4, 0>, mcu::Pin_<(mcu::Periph)4, 1>, mcu::Pin_<(mcu::Periph)4, 2>, mcu::Pin_<(mcu::Periph)4, 10> >()
 .text._Z9make_pinsILN3mcu7PinModeE1EJNS0_4Pin_ILNS0_6PeriphE3ELi1EEENS2_ILS3_3ELi12EEENS2_ILS3_3ELi11EEENS2_ILS3_3ELi10EEENS2_ILS3_3ELi0EEENS2_ILS3_3ELi9EEENS2_ILS3_3ELi8EEENS2_ILS3_4ELi15EEEEEN4meta19tuple_generate_implIR3PinSt16integer_sequenceIjJXspcl14__integer_packsZT0_EEEEE4typeEv
                0x0000000008001440      0x24c build/main.o
                0x0000000008001440                meta::tuple_generate_impl<Pin&, std::integer_sequence<unsigned int, __integer_pack(8), __integer_pack(8), __integer_pack(8), __integer_pack(8), __integer_pack(8), __integer_pack(8), __integer_pack(8), __integer_pack(8)> >::type make_pins<(mcu::PinMode)1, mcu::Pin_<(mcu::Periph)3, 1>, mcu::Pin_<(mcu::Periph)3, 12>, mcu::Pin_<(mcu::Periph)3, 11>, mcu::Pin_<(mcu::Periph)3, 10>, mcu::Pin_<(mcu::Periph)3, 0>, mcu::Pin_<(mcu::Periph)3, 9>, mcu::Pin_<(mcu::Periph)3, 8>, mcu::Pin_<(mcu::Periph)4, 15> >()
 .text._ZN11ADC_average4makeILN3mcu6PeriphE15ELS2_30EEERS_j
                0x000000000800168c      0x120 build/main.o
                0x000000000800168c                ADC_average& ADC_average::make<(mcu::Periph)15, (mcu::Periph)30>(unsigned int)
 .text._ZN4ListI11ADC_channelE6insertENS1_8IteratorERS0_
                0x00000000080017ac       0x42 build/main.o
                0x00000000080017ac                List<ADC_channel>::insert(List<ADC_channel>::Iterator, ADC_channel&)
 *fill*         0x00000000080017ee        0x2 
 .text._ZN9Dyn_arrayItE8add_sizeEj
                0x00000000080017f0       0x70 build/main.o
                0x00000000080017f0                Dyn_array<unsigned short>::add_size(unsigned int)
 .text._ZN11ADC_average11add_channelIN3mcu4Pin_ILNS1_6PeriphE3ELi4EEEEER11ADC_channelv
                0x0000000008001860       0xc8 build/main.o
                0x0000000008001860                ADC_channel& ADC_average::add_channel<mcu::Pin_<(mcu::Periph)3, 4> >()
 .text._ZN11ADC_average11add_channelIN3mcu4Pin_ILNS1_6PeriphE3ELi5EEEEER11ADC_channelv
                0x0000000008001928       0xc8 build/main.o
                0x0000000008001928                ADC_channel& ADC_average::add_channel<mcu::Pin_<(mcu::Periph)3, 5> >()
 .text.startup.main
                0x00000000080019f0      0x498 build/main.o
                0x00000000080019f0                main
 .text._ZSt4findIPbbET_S1_S1_RKT0_
                0x0000000008001e88       0x66 build/main.o
                0x0000000008001e88                bool* std::find<bool*, bool>(bool*, bool*, bool const&)
 *fill*         0x0000000008001eee        0x2 
 .text._ZN18Flash_updater_implIZ4mainE10Flash_dataJLN3mcu5FLASH6SectorE26ELS3_25EEE6notifyEv
                0x0000000008001ef0      0x1e4 build/main.o
 .text.startup._GLOBAL__sub_I__ZN3mcu5FLASH6unlockEv
                0x00000000080020d4      0x174 build/main.o
 .text.Reset_Handler
                0x0000000008002248       0x50 build/startup_stm32f030x6.o
                0x0000000008002248                Reset_Handler
 .text.Default_Handler
                0x0000000008002298        0x2 build/startup_stm32f030x6.o
                0x0000000008002298                HardFault_Handler
                0x0000000008002298                PendSV_Handler
                0x0000000008002298                NMI_Handler
                0x0000000008002298                I2C1_IRQHandler
                0x0000000008002298                SPI1_IRQHandler
                0x0000000008002298                ADC1_IRQHandler
                0x0000000008002298                RTC_IRQHandler
                0x0000000008002298                RCC_IRQHandler
                0x0000000008002298                Default_Handler
                0x0000000008002298                SVC_Handler
                0x0000000008002298                WWDG_IRQHandler
                0x0000000008002298                FLASH_IRQHandler
 .text.__aeabi_atexit
                0x000000000800229a        0xe /usr/lib/gcc/arm-none-eabi/9.2.1/../../../arm-none-eabi/lib/thumb/v6-m/nofp/libstdc++_nano.a(atexit_arm.o)
                0x000000000800229a                __aeabi_atexit
 *(.glue_7)
 .glue_7        0x00000000080022a8        0x0 linker stubs
 *(.glue_7t)
 .glue_7t       0x00000000080022a8        0x0 linker stubs
 *(.eh_frame)
 .eh_frame      0x00000000080022a8        0x0 /usr/lib/gcc/arm-none-eabi/9.2.1/thumb/v6-m/nofp/crtbegin.o
 *(.init)
 .init          0x00000000080022a8        0x4 /usr/lib/gcc/arm-none-eabi/9.2.1/thumb/v6-m/nofp/crti.o
                0x00000000080022a8                _init
 .init          0x00000000080022ac        0x8 /usr/lib/gcc/arm-none-eabi/9.2.1/thumb/v6-m/nofp/crtn.o
 *(.fini)
 .fini          0x00000000080022b4        0x4 /usr/lib/gcc/arm-none-eabi/9.2.1/thumb/v6-m/nofp/crti.o
                0x00000000080022b4                _fini
 .fini          0x00000000080022b8        0x8 /usr/lib/gcc/arm-none-eabi/9.2.1/thumb/v6-m/nofp/crtn.o
                0x00000000080022c0                . = ALIGN (0x4)
                0x00000000080022c0                _etext = .

.vfp11_veneer   0x00000000080022c0        0x0
 .vfp11_veneer  0x00000000080022c0        0x0 linker stubs

.v4_bx          0x00000000080022c0        0x0
 .v4_bx         0x00000000080022c0        0x0 linker stubs

.iplt           0x00000000080022c0        0x0
 .iplt          0x00000000080022c0        0x0 /usr/lib/gcc/arm-none-eabi/9.2.1/thumb/v6-m/nofp/crtbegin.o

.rodata         0x00000000080022c0      0x1fc
                0x00000000080022c0                . = ALIGN (0x4)
 *(.rodata)
 .rodata        0x00000000080022c0        0x4 /usr/lib/gcc/arm-none-eabi/9.2.1/../../../arm-none-eabi/lib/thumb/v6-m/nofp/libc_nano.a(lib_a-on_exit_args.o)
                0x00000000080022c0                __on_exit_args
 .rodata        0x00000000080022c4       0x40 /usr/lib/gcc/arm-none-eabi/9.2.1/thumb/v6-m/nofp/libgcc.a(muldf3.o)
 *(.rodata*)
 .rodata._ZTV5Timer
                0x0000000008002304        0xc build/main.o
                0x0000000008002304                vtable for Timer
 .rodata._ZN18Flash_updater_implIZ4mainE10Flash_dataJLN3mcu5FLASH6SectorE26ELS3_25EEE7sectorsE
                0x0000000008002310        0x2 build/main.o
 *fill*         0x0000000008002312        0x2 
 .rodata._ZN3NTCL5u2904ILj33ELj5100EEE
                0x0000000008002314      0x190 build/main.o
 .rodata._ZTV11ADC_average
                0x00000000080024a4        0xc build/main.o
                0x00000000080024a4                vtable for ADC_average
 .rodata._ZTV18Flash_updater_implIZ4mainE10Flash_dataJLN3mcu5FLASH6SectorE26ELS3_25EEE
                0x00000000080024b0        0xc build/main.o
                0x00000000080024bc                . = ALIGN (0x4)

.rel.dyn        0x00000000080024bc        0x0
 .rel.iplt      0x00000000080024bc        0x0 /usr/lib/gcc/arm-none-eabi/9.2.1/thumb/v6-m/nofp/crtbegin.o

.ARM.extab
 *(.ARM.extab* .gnu.linkonce.armextab.*)

.ARM            0x00000000080024bc        0x0
                0x00000000080024bc                __exidx_start = .
 *(.ARM.exidx*)
                0x00000000080024bc                __exidx_end = .

.preinit_array  0x00000000080024bc        0x0
                0x00000000080024bc                PROVIDE (__preinit_array_start = .)
 *(.preinit_array*)
                0x00000000080024bc                PROVIDE (__preinit_array_end = .)

.init_array     0x00000000080024bc        0x8
                0x00000000080024bc                PROVIDE (__init_array_start = .)
 *(SORT_BY_NAME(.init_array.*))
 *(.init_array*)
 .init_array    0x00000000080024bc        0x4 /usr/lib/gcc/arm-none-eabi/9.2.1/thumb/v6-m/nofp/crtbegin.o
 .init_array    0x00000000080024c0        0x4 build/main.o
                0x00000000080024c4                PROVIDE (__init_array_end = .)

.fini_array     0x00000000080024c4        0x4
                0x00000000080024c4                PROVIDE (__fini_array_start = .)
 *(SORT_BY_NAME(.fini_array.*))
 *(.fini_array*)
 .fini_array    0x00000000080024c4        0x4 /usr/lib/gcc/arm-none-eabi/9.2.1/thumb/v6-m/nofp/crtbegin.o
                0x00000000080024c8                PROVIDE (__fini_array_end = .)
                0x00000000080024c8                _sidata = LOADADDR (.data)

.data           0x0000000020000000        0x4 load address 0x00000000080024c8
                0x0000000020000000                . = ALIGN (0x4)
                0x0000000020000000                _sdata = .
 *(.data)
 .data          0x0000000020000000        0x4 /usr/lib/gcc/arm-none-eabi/9.2.1/thumb/v6-m/nofp/crtbegin.o
                0x0000000020000000                __dso_handle
 *(.data*)
                0x0000000020000004                . = ALIGN (0x4)
                0x0000000020000004                _edata = .

.tm_clone_table
                0x0000000020000004        0x0 load address 0x00000000080024cc
 .tm_clone_table
                0x0000000020000004        0x0 /usr/lib/gcc/arm-none-eabi/9.2.1/thumb/v6-m/nofp/crtbegin.o
 .tm_clone_table
                0x0000000020000004        0x0 /usr/lib/gcc/arm-none-eabi/9.2.1/thumb/v6-m/nofp/crtend.o

.igot.plt       0x0000000020000004        0x0 load address 0x00000000080024cc
 .igot.plt      0x0000000020000004        0x0 /usr/lib/gcc/arm-none-eabi/9.2.1/thumb/v6-m/nofp/crtbegin.o
                0x0000000020000004                . = ALIGN (0x4)

.bss            0x0000000020000004      0x4d8 load address 0x00000000080024cc
                0x0000000020000004                _sbss = .
                0x0000000020000004                __bss_start__ = _sbss
 *(.bss)
 .bss           0x0000000020000004       0x1c /usr/lib/gcc/arm-none-eabi/9.2.1/thumb/v6-m/nofp/crtbegin.o
 .bss           0x0000000020000020      0x108 /usr/lib/gcc/arm-none-eabi/9.2.1/../../../arm-none-eabi/lib/thumb/v6-m/nofp/libc_nano.a(lib_a-on_exit_args.o)
 .bss           0x0000000020000128       0x8c /usr/lib/gcc/arm-none-eabi/9.2.1/../../../arm-none-eabi/lib/thumb/v6-m/nofp/libc_nano.a(lib_a-__atexit.o)
 .bss           0x00000000200001b4        0x4 /usr/lib/gcc/arm-none-eabi/9.2.1/../../../arm-none-eabi/lib/thumb/v6-m/nofp/libc_nano.a(lib_a-__call_atexit.o)
                0x00000000200001b4                _global_atexit
 *(.bss*)
 .bss._ZGVZN11ADC_channel4makeIN3mcu4Pin_ILNS1_6PeriphE3ELi5EEEEERS_vE3res
                0x00000000200001b8        0x4 build/main.o
                0x00000000200001b8                guard variable for ADC_channel::make<mcu::Pin_<(mcu::Periph)3, 5> >()::res
 .bss._ZZN11ADC_channel4makeIN3mcu4Pin_ILNS1_6PeriphE3ELi5EEEEERS_vE3res
                0x00000000200001bc       0x14 build/main.o
                0x00000000200001bc                ADC_channel::make<mcu::Pin_<(mcu::Periph)3, 5> >()::res
 .bss._ZGVZN3Pin4makeIN3mcu4Pin_ILNS1_6PeriphE3ELi5EEELNS1_7PinModeE2EEERDavE3pin
                0x00000000200001d0        0x4 build/main.o
                0x00000000200001d0                guard variable for Pin::make<mcu::Pin_<(mcu::Periph)3, 5>, (mcu::PinMode)2>()::pin
 .bss._ZZN3Pin4makeIN3mcu4Pin_ILNS1_6PeriphE3ELi5EEELNS1_7PinModeE2EEERDavE3pin
                0x00000000200001d4        0x8 build/main.o
                0x00000000200001d4                Pin::make<mcu::Pin_<(mcu::Periph)3, 5>, (mcu::PinMode)2>()::pin
 .bss._ZGVZN11ADC_channel4makeIN3mcu4Pin_ILNS1_6PeriphE3ELi4EEEEERS_vE3res
                0x00000000200001dc        0x4 build/main.o
                0x00000000200001dc                guard variable for ADC_channel::make<mcu::Pin_<(mcu::Periph)3, 4> >()::res
 .bss._ZZN11ADC_channel4makeIN3mcu4Pin_ILNS1_6PeriphE3ELi4EEEEERS_vE3res
                0x00000000200001e0       0x14 build/main.o
                0x00000000200001e0                ADC_channel::make<mcu::Pin_<(mcu::Periph)3, 4> >()::res
 .bss._ZGVZN3Pin4makeIN3mcu4Pin_ILNS1_6PeriphE3ELi4EEELNS1_7PinModeE2EEERDavE3pin
                0x00000000200001f4        0x4 build/main.o
                0x00000000200001f4                guard variable for Pin::make<mcu::Pin_<(mcu::Periph)3, 4>, (mcu::PinMode)2>()::pin
 .bss._ZZN3Pin4makeIN3mcu4Pin_ILNS1_6PeriphE3ELi4EEELNS1_7PinModeE2EEERDavE3pin
                0x00000000200001f8        0x8 build/main.o
                0x00000000200001f8                Pin::make<mcu::Pin_<(mcu::Periph)3, 4>, (mcu::PinMode)2>()::pin
 .bss._ZGVZN11ADC_average4makeILN3mcu6PeriphE15ELS2_30EEERS_jE3res
                0x0000000020000200        0x4 build/main.o
                0x0000000020000200                guard variable for ADC_average::make<(mcu::Periph)15, (mcu::Periph)30>(unsigned int)::res
 .bss._ZZN11ADC_average4makeILN3mcu6PeriphE15ELS2_30EEERS_jE3res
                0x0000000020000204       0x40 build/main.o
                0x0000000020000204                ADC_average::make<(mcu::Periph)15, (mcu::Periph)30>(unsigned int)::res
 .bss._ZGVZN3Pin4makeIN3mcu4Pin_ILNS1_6PeriphE4ELi15EEELNS1_7PinModeE1EEERDavE3pin
                0x0000000020000244        0x4 build/main.o
                0x0000000020000244                guard variable for Pin::make<mcu::Pin_<(mcu::Periph)4, 15>, (mcu::PinMode)1>()::pin
 .bss._ZZN3Pin4makeIN3mcu4Pin_ILNS1_6PeriphE4ELi15EEELNS1_7PinModeE1EEERDavE3pin
                0x0000000020000248        0x8 build/main.o
                0x0000000020000248                Pin::make<mcu::Pin_<(mcu::Periph)4, 15>, (mcu::PinMode)1>()::pin
 .bss._ZGVZN3Pin4makeIN3mcu4Pin_ILNS1_6PeriphE3ELi8EEELNS1_7PinModeE1EEERDavE3pin
                0x0000000020000250        0x4 build/main.o
                0x0000000020000250                guard variable for Pin::make<mcu::Pin_<(mcu::Periph)3, 8>, (mcu::PinMode)1>()::pin
 .bss._ZZN3Pin4makeIN3mcu4Pin_ILNS1_6PeriphE3ELi8EEELNS1_7PinModeE1EEERDavE3pin
                0x0000000020000254        0x8 build/main.o
                0x0000000020000254                Pin::make<mcu::Pin_<(mcu::Periph)3, 8>, (mcu::PinMode)1>()::pin
 .bss._ZGVZN3Pin4makeIN3mcu4Pin_ILNS1_6PeriphE3ELi9EEELNS1_7PinModeE1EEERDavE3pin
                0x000000002000025c        0x4 build/main.o
                0x000000002000025c                guard variable for Pin::make<mcu::Pin_<(mcu::Periph)3, 9>, (mcu::PinMode)1>()::pin
 .bss._ZZN3Pin4makeIN3mcu4Pin_ILNS1_6PeriphE3ELi9EEELNS1_7PinModeE1EEERDavE3pin
                0x0000000020000260        0x8 build/main.o
                0x0000000020000260                Pin::make<mcu::Pin_<(mcu::Periph)3, 9>, (mcu::PinMode)1>()::pin
 .bss._ZGVZN3Pin4makeIN3mcu4Pin_ILNS1_6PeriphE3ELi0EEELNS1_7PinModeE1EEERDavE3pin
                0x0000000020000268        0x4 build/main.o
                0x0000000020000268                guard variable for Pin::make<mcu::Pin_<(mcu::Periph)3, 0>, (mcu::PinMode)1>()::pin
 .bss._ZZN3Pin4makeIN3mcu4Pin_ILNS1_6PeriphE3ELi0EEELNS1_7PinModeE1EEERDavE3pin
                0x000000002000026c        0x8 build/main.o
                0x000000002000026c                Pin::make<mcu::Pin_<(mcu::Periph)3, 0>, (mcu::PinMode)1>()::pin
 .bss._ZGVZN3Pin4makeIN3mcu4Pin_ILNS1_6PeriphE3ELi10EEELNS1_7PinModeE1EEERDavE3pin
                0x0000000020000274        0x4 build/main.o
                0x0000000020000274                guard variable for Pin::make<mcu::Pin_<(mcu::Periph)3, 10>, (mcu::PinMode)1>()::pin
 .bss._ZZN3Pin4makeIN3mcu4Pin_ILNS1_6PeriphE3ELi10EEELNS1_7PinModeE1EEERDavE3pin
                0x0000000020000278        0x8 build/main.o
                0x0000000020000278                Pin::make<mcu::Pin_<(mcu::Periph)3, 10>, (mcu::PinMode)1>()::pin
 .bss._ZGVZN3Pin4makeIN3mcu4Pin_ILNS1_6PeriphE3ELi11EEELNS1_7PinModeE1EEERDavE3pin
                0x0000000020000280        0x4 build/main.o
                0x0000000020000280                guard variable for Pin::make<mcu::Pin_<(mcu::Periph)3, 11>, (mcu::PinMode)1>()::pin
 .bss._ZZN3Pin4makeIN3mcu4Pin_ILNS1_6PeriphE3ELi11EEELNS1_7PinModeE1EEERDavE3pin
                0x0000000020000284        0x8 build/main.o
                0x0000000020000284                Pin::make<mcu::Pin_<(mcu::Periph)3, 11>, (mcu::PinMode)1>()::pin
 .bss._ZGVZN3Pin4makeIN3mcu4Pin_ILNS1_6PeriphE3ELi12EEELNS1_7PinModeE1EEERDavE3pin
                0x000000002000028c        0x4 build/main.o
                0x000000002000028c                guard variable for Pin::make<mcu::Pin_<(mcu::Periph)3, 12>, (mcu::PinMode)1>()::pin
 .bss._ZZN3Pin4makeIN3mcu4Pin_ILNS1_6PeriphE3ELi12EEELNS1_7PinModeE1EEERDavE3pin
                0x0000000020000290        0x8 build/main.o
                0x0000000020000290                Pin::make<mcu::Pin_<(mcu::Periph)3, 12>, (mcu::PinMode)1>()::pin
 .bss._ZGVZN3Pin4makeIN3mcu4Pin_ILNS1_6PeriphE3ELi1EEELNS1_7PinModeE1EEERDavE3pin
                0x0000000020000298        0x4 build/main.o
                0x0000000020000298                guard variable for Pin::make<mcu::Pin_<(mcu::Periph)3, 1>, (mcu::PinMode)1>()::pin
 .bss._ZZN3Pin4makeIN3mcu4Pin_ILNS1_6PeriphE3ELi1EEELNS1_7PinModeE1EEERDavE3pin
                0x000000002000029c        0x8 build/main.o
                0x000000002000029c                Pin::make<mcu::Pin_<(mcu::Periph)3, 1>, (mcu::PinMode)1>()::pin
 .bss._ZGVZN3Pin4makeIN3mcu4Pin_ILNS1_6PeriphE4ELi10EEELNS1_7PinModeE0EEERDavE3pin
                0x00000000200002a4        0x4 build/main.o
                0x00000000200002a4                guard variable for Pin::make<mcu::Pin_<(mcu::Periph)4, 10>, (mcu::PinMode)0>()::pin
 .bss._ZZN3Pin4makeIN3mcu4Pin_ILNS1_6PeriphE4ELi10EEELNS1_7PinModeE0EEERDavE3pin
                0x00000000200002a8        0x8 build/main.o
                0x00000000200002a8                Pin::make<mcu::Pin_<(mcu::Periph)4, 10>, (mcu::PinMode)0>()::pin
 .bss._ZGVZN3Pin4makeIN3mcu4Pin_ILNS1_6PeriphE4ELi2EEELNS1_7PinModeE0EEERDavE3pin
                0x00000000200002b0        0x4 build/main.o
                0x00000000200002b0                guard variable for Pin::make<mcu::Pin_<(mcu::Periph)4, 2>, (mcu::PinMode)0>()::pin
 .bss._ZZN3Pin4makeIN3mcu4Pin_ILNS1_6PeriphE4ELi2EEELNS1_7PinModeE0EEERDavE3pin
                0x00000000200002b4        0x8 build/main.o
                0x00000000200002b4                Pin::make<mcu::Pin_<(mcu::Periph)4, 2>, (mcu::PinMode)0>()::pin
 .bss._ZGVZN3Pin4makeIN3mcu4Pin_ILNS1_6PeriphE4ELi1EEELNS1_7PinModeE0EEERDavE3pin
                0x00000000200002bc        0x4 build/main.o
                0x00000000200002bc                guard variable for Pin::make<mcu::Pin_<(mcu::Periph)4, 1>, (mcu::PinMode)0>()::pin
 .bss._ZZN3Pin4makeIN3mcu4Pin_ILNS1_6PeriphE4ELi1EEELNS1_7PinModeE0EEERDavE3pin
                0x00000000200002c0        0x8 build/main.o
                0x00000000200002c0                Pin::make<mcu::Pin_<(mcu::Periph)4, 1>, (mcu::PinMode)0>()::pin
 .bss._ZGVZN3Pin4makeIN3mcu4Pin_ILNS1_6PeriphE4ELi0EEELNS1_7PinModeE0EEERDavE3pin
                0x00000000200002c8        0x4 build/main.o
                0x00000000200002c8                guard variable for Pin::make<mcu::Pin_<(mcu::Periph)4, 0>, (mcu::PinMode)0>()::pin
 .bss._ZZN3Pin4makeIN3mcu4Pin_ILNS1_6PeriphE4ELi0EEELNS1_7PinModeE0EEERDavE3pin
                0x00000000200002cc        0x8 build/main.o
                0x00000000200002cc                Pin::make<mcu::Pin_<(mcu::Periph)4, 0>, (mcu::PinMode)0>()::pin
 .bss._ZGVZN3Pin4makeIN3mcu4Pin_ILNS1_6PeriphE3ELi6EEELNS1_7PinModeE0EEERDavE3pin
                0x00000000200002d4        0x4 build/main.o
                0x00000000200002d4                guard variable for Pin::make<mcu::Pin_<(mcu::Periph)3, 6>, (mcu::PinMode)0>()::pin
 .bss._ZZN3Pin4makeIN3mcu4Pin_ILNS1_6PeriphE3ELi6EEELNS1_7PinModeE0EEERDavE3pin
                0x00000000200002d8        0x8 build/main.o
                0x00000000200002d8                Pin::make<mcu::Pin_<(mcu::Periph)3, 6>, (mcu::PinMode)0>()::pin
 .bss._ZGVZN3Pin4makeIN3mcu4Pin_ILNS1_6PeriphE3ELi3EEELNS1_7PinModeE0EEERDavE3pin
                0x00000000200002e0        0x4 build/main.o
                0x00000000200002e0                guard variable for Pin::make<mcu::Pin_<(mcu::Periph)3, 3>, (mcu::PinMode)0>()::pin
 .bss._ZZN3Pin4makeIN3mcu4Pin_ILNS1_6PeriphE3ELi3EEELNS1_7PinModeE0EEERDavE3pin
                0x00000000200002e4        0x8 build/main.o
                0x00000000200002e4                Pin::make<mcu::Pin_<(mcu::Periph)3, 3>, (mcu::PinMode)0>()::pin
 .bss.heap      0x00000000200002ec      0x108 build/main.o
                0x00000000200002ec                heap
 .bss.interrupt_DMA1_channel1
                0x00000000200003f4        0x8 build/main.o
                0x00000000200003f4                interrupt_DMA1_channel1
 .bss.interrupt_DMA1_channel2
                0x00000000200003fc        0x8 build/main.o
                0x00000000200003fc                interrupt_DMA1_channel2
 .bss.interrupt_DMA1_channel3
                0x0000000020000404        0x8 build/main.o
                0x0000000020000404                interrupt_DMA1_channel3
 .bss.interrupt_DMA1_channel4
                0x000000002000040c        0x8 build/main.o
                0x000000002000040c                interrupt_DMA1_channel4
 .bss.interrupt_DMA1_channel5
                0x0000000020000414        0x8 build/main.o
                0x0000000020000414                interrupt_DMA1_channel5
 .bss.interrupt_EXTI0
                0x000000002000041c        0x8 build/main.o
                0x000000002000041c                interrupt_EXTI0
 .bss.interrupt_EXTI1
                0x0000000020000424        0x8 build/main.o
                0x0000000020000424                interrupt_EXTI1
 .bss.interrupt_EXTI10
                0x000000002000042c        0x8 build/main.o
                0x000000002000042c                interrupt_EXTI10
 .bss.interrupt_EXTI11
                0x0000000020000434        0x8 build/main.o
                0x0000000020000434                interrupt_EXTI11
 .bss.interrupt_EXTI12
                0x000000002000043c        0x8 build/main.o
                0x000000002000043c                interrupt_EXTI12
 .bss.interrupt_EXTI13
                0x0000000020000444        0x8 build/main.o
                0x0000000020000444                interrupt_EXTI13
 .bss.interrupt_EXTI14
                0x000000002000044c        0x8 build/main.o
                0x000000002000044c                interrupt_EXTI14
 .bss.interrupt_EXTI15
                0x0000000020000454        0x8 build/main.o
                0x0000000020000454                interrupt_EXTI15
 .bss.interrupt_EXTI2
                0x000000002000045c        0x8 build/main.o
                0x000000002000045c                interrupt_EXTI2
 .bss.interrupt_EXTI3
                0x0000000020000464        0x8 build/main.o
                0x0000000020000464                interrupt_EXTI3
 .bss.interrupt_EXTI4
                0x000000002000046c        0x8 build/main.o
                0x000000002000046c                interrupt_EXTI4
 .bss.interrupt_EXTI5
                0x0000000020000474        0x8 build/main.o
                0x0000000020000474                interrupt_EXTI5
 .bss.interrupt_EXTI6
                0x000000002000047c        0x8 build/main.o
                0x000000002000047c                interrupt_EXTI6
 .bss.interrupt_EXTI7
                0x0000000020000484        0x8 build/main.o
                0x0000000020000484                interrupt_EXTI7
 .bss.interrupt_EXTI8
                0x000000002000048c        0x8 build/main.o
                0x000000002000048c                interrupt_EXTI8
 .bss.interrupt_EXTI9
                0x0000000020000494        0x8 build/main.o
                0x0000000020000494                interrupt_EXTI9
 .bss.interrupt_rtc
                0x000000002000049c        0x8 build/main.o
                0x000000002000049c                interrupt_rtc
 .bss.interrupt_spi1
                0x00000000200004a4        0x8 build/main.o
                0x00000000200004a4                interrupt_spi1
 .bss.interrupt_tim1
                0x00000000200004ac        0x8 build/main.o
                0x00000000200004ac                interrupt_tim1
 .bss.interrupt_tim3
                0x00000000200004b4        0x8 build/main.o
                0x00000000200004b4                interrupt_tim3
 .bss.interrupt_usart1
                0x00000000200004bc        0x8 build/main.o
                0x00000000200004bc                interrupt_usart1
 .bss.tickUpdater
                0x00000000200004c4       0x18 build/main.o
                0x00000000200004c4                tickUpdater
 *(COMMON)
                0x00000000200004dc                . = ALIGN (0x4)
                0x00000000200004dc                _ebss = .
                0x00000000200004dc                __bss_end__ = _ebss

._user_heap_stack
                0x00000000200004dc      0x604 load address 0x00000000080024cc
                0x00000000200004e0                . = ALIGN (0x8)
 *fill*         0x00000000200004dc        0x4 
                [!provide]                        PROVIDE (end = .)
                [!provide]                        PROVIDE (_end = .)
                0x00000000200006e0                . = (. + _Min_Heap_Size)
 *fill*         0x00000000200004e0      0x200 
                0x0000000020000ae0                . = (. + _Min_Stack_Size)
 *fill*         0x00000000200006e0      0x400 
                0x0000000020000ae0                . = ALIGN (0x8)

/DISCARD/
 libc.a(*)
 libm.a(*)
 libgcc.a(*)

.ARM.attributes
                0x0000000000000000       0x28
 *(.ARM.attributes)
 .ARM.attributes
                0x0000000000000000       0x1e /usr/lib/gcc/arm-none-eabi/9.2.1/thumb/v6-m/nofp/crti.o
 .ARM.attributes
                0x000000000000001e       0x2c /usr/lib/gcc/arm-none-eabi/9.2.1/thumb/v6-m/nofp/crtbegin.o
 .ARM.attributes
                0x000000000000004a       0x2c build/main.o
 .ARM.attributes
                0x0000000000000076       0x21 build/startup_stm32f030x6.o
 .ARM.attributes
                0x0000000000000097       0x2c /usr/lib/gcc/arm-none-eabi/9.2.1/../../../arm-none-eabi/lib/thumb/v6-m/nofp/libstdc++_nano.a(atexit_arm.o)
 .ARM.attributes
                0x00000000000000c3       0x2c /usr/lib/gcc/arm-none-eabi/9.2.1/../../../arm-none-eabi/lib/thumb/v6-m/nofp/libc_nano.a(lib_a-cxa_atexit.o)
 .ARM.attributes
                0x00000000000000ef       0x2c /usr/lib/gcc/arm-none-eabi/9.2.1/../../../arm-none-eabi/lib/thumb/v6-m/nofp/libc_nano.a(lib_a-init.o)
 .ARM.attributes
                0x000000000000011b       0x2c /usr/lib/gcc/arm-none-eabi/9.2.1/../../../arm-none-eabi/lib/thumb/v6-m/nofp/libc_nano.a(lib_a-memcpy-stub.o)
 .ARM.attributes
                0x0000000000000147       0x2c /usr/lib/gcc/arm-none-eabi/9.2.1/../../../arm-none-eabi/lib/thumb/v6-m/nofp/libc_nano.a(lib_a-memset.o)
 .ARM.attributes
                0x0000000000000173       0x2c /usr/lib/gcc/arm-none-eabi/9.2.1/../../../arm-none-eabi/lib/thumb/v6-m/nofp/libc_nano.a(lib_a-on_exit_args.o)
 .ARM.attributes
                0x000000000000019f       0x2c /usr/lib/gcc/arm-none-eabi/9.2.1/../../../arm-none-eabi/lib/thumb/v6-m/nofp/libc_nano.a(lib_a-__atexit.o)
 .ARM.attributes
                0x00000000000001cb       0x2c /usr/lib/gcc/arm-none-eabi/9.2.1/../../../arm-none-eabi/lib/thumb/v6-m/nofp/libc_nano.a(lib_a-__call_atexit.o)
 .ARM.attributes
                0x00000000000001f7       0x1e /usr/lib/gcc/arm-none-eabi/9.2.1/thumb/v6-m/nofp/libgcc.a(_thumb1_case_uqi.o)
 .ARM.attributes
                0x0000000000000215       0x1e /usr/lib/gcc/arm-none-eabi/9.2.1/thumb/v6-m/nofp/libgcc.a(_udivsi3.o)
 .ARM.attributes
                0x0000000000000233       0x1e /usr/lib/gcc/arm-none-eabi/9.2.1/thumb/v6-m/nofp/libgcc.a(_dvmd_tls.o)
 .ARM.attributes
                0x0000000000000251       0x1e /usr/lib/gcc/arm-none-eabi/9.2.1/thumb/v6-m/nofp/libgcc.a(_arm_cmpdf2.o)
 .ARM.attributes
                0x000000000000026f       0x2c /usr/lib/gcc/arm-none-eabi/9.2.1/thumb/v6-m/nofp/libgcc.a(eqdf2.o)
 .ARM.attributes
                0x000000000000029b       0x2c /usr/lib/gcc/arm-none-eabi/9.2.1/thumb/v6-m/nofp/libgcc.a(gedf2.o)
 .ARM.attributes
                0x00000000000002c7       0x2c /usr/lib/gcc/arm-none-eabi/9.2.1/thumb/v6-m/nofp/libgcc.a(ledf2.o)
 .ARM.attributes
                0x00000000000002f3       0x2c /usr/lib/gcc/arm-none-eabi/9.2.1/thumb/v6-m/nofp/libgcc.a(muldf3.o)
 .ARM.attributes
                0x000000000000031f       0x2c /usr/lib/gcc/arm-none-eabi/9.2.1/thumb/v6-m/nofp/libgcc.a(floatsidf.o)
 .ARM.attributes
                0x000000000000034b       0x2c /usr/lib/gcc/arm-none-eabi/9.2.1/thumb/v6-m/nofp/libgcc.a(floatunsidf.o)
 .ARM.attributes
                0x0000000000000377       0x1e /usr/lib/gcc/arm-none-eabi/9.2.1/thumb/v6-m/nofp/libgcc.a(_clzsi2.o)
 .ARM.attributes
                0x0000000000000395       0x2c /usr/lib/gcc/arm-none-eabi/9.2.1/thumb/v6-m/nofp/crtend.o
 .ARM.attributes
                0x00000000000003c1       0x1e /usr/lib/gcc/arm-none-eabi/9.2.1/thumb/v6-m/nofp/crtn.o
OUTPUT(build/EO112.elf elf32-littlearm)
LOAD linker stubs
LOAD /usr/lib/gcc/arm-none-eabi/9.2.1/../../../arm-none-eabi/lib/thumb/v6-m/nofp/libc.a
LOAD /usr/lib/gcc/arm-none-eabi/9.2.1/../../../arm-none-eabi/lib/thumb/v6-m/nofp/libm.a
LOAD /usr/lib/gcc/arm-none-eabi/9.2.1/thumb/v6-m/nofp/libgcc.a

.comment        0x0000000000000000       0xa7
 .comment       0x0000000000000000       0x59 /usr/lib/gcc/arm-none-eabi/9.2.1/thumb/v6-m/nofp/crtbegin.o
                                         0x5a (size before relaxing)
 .comment       0x0000000000000059       0x5a build/main.o
 .comment       0x0000000000000059       0x5a /usr/lib/gcc/arm-none-eabi/9.2.1/../../../arm-none-eabi/lib/thumb/v6-m/nofp/libstdc++_nano.a(atexit_arm.o)
 .comment       0x0000000000000059       0x4e /usr/lib/gcc/arm-none-eabi/9.2.1/../../../arm-none-eabi/lib/thumb/v6-m/nofp/libc_nano.a(lib_a-cxa_atexit.o)
                                         0x4f (size before relaxing)
 .comment       0x00000000000000a7       0x4f /usr/lib/gcc/arm-none-eabi/9.2.1/../../../arm-none-eabi/lib/thumb/v6-m/nofp/libc_nano.a(lib_a-init.o)
 .comment       0x00000000000000a7       0x4f /usr/lib/gcc/arm-none-eabi/9.2.1/../../../arm-none-eabi/lib/thumb/v6-m/nofp/libc_nano.a(lib_a-memcpy-stub.o)
 .comment       0x00000000000000a7       0x4f /usr/lib/gcc/arm-none-eabi/9.2.1/../../../arm-none-eabi/lib/thumb/v6-m/nofp/libc_nano.a(lib_a-memset.o)
 .comment       0x00000000000000a7       0x4f /usr/lib/gcc/arm-none-eabi/9.2.1/../../../arm-none-eabi/lib/thumb/v6-m/nofp/libc_nano.a(lib_a-on_exit_args.o)
 .comment       0x00000000000000a7       0x4f /usr/lib/gcc/arm-none-eabi/9.2.1/../../../arm-none-eabi/lib/thumb/v6-m/nofp/libc_nano.a(lib_a-__atexit.o)
 .comment       0x00000000000000a7       0x4f /usr/lib/gcc/arm-none-eabi/9.2.1/../../../arm-none-eabi/lib/thumb/v6-m/nofp/libc_nano.a(lib_a-__call_atexit.o)
 .comment       0x00000000000000a7       0x5a /usr/lib/gcc/arm-none-eabi/9.2.1/thumb/v6-m/nofp/libgcc.a(eqdf2.o)
 .comment       0x00000000000000a7       0x5a /usr/lib/gcc/arm-none-eabi/9.2.1/thumb/v6-m/nofp/libgcc.a(gedf2.o)
 .comment       0x00000000000000a7       0x5a /usr/lib/gcc/arm-none-eabi/9.2.1/thumb/v6-m/nofp/libgcc.a(ledf2.o)
 .comment       0x00000000000000a7       0x5a /usr/lib/gcc/arm-none-eabi/9.2.1/thumb/v6-m/nofp/libgcc.a(muldf3.o)
 .comment       0x00000000000000a7       0x5a /usr/lib/gcc/arm-none-eabi/9.2.1/thumb/v6-m/nofp/libgcc.a(floatsidf.o)
 .comment       0x00000000000000a7       0x5a /usr/lib/gcc/arm-none-eabi/9.2.1/thumb/v6-m/nofp/libgcc.a(floatunsidf.o)
 .comment       0x00000000000000a7       0x5a /usr/lib/gcc/arm-none-eabi/9.2.1/thumb/v6-m/nofp/crtend.o

.debug_info     0x0000000000000000    0x33f6f
 .debug_info    0x0000000000000000    0x2dff4 build/main.o
 .debug_info    0x000000000002dff4       0x22 build/startup_stm32f030x6.o
 .debug_info    0x000000000002e016      0x166 /usr/lib/gcc/arm-none-eabi/9.2.1/../../../arm-none-eabi/lib/thumb/v6-m/nofp/libstdc++_nano.a(atexit_arm.o)
 .debug_info    0x000000000002e17c      0xa23 /usr/lib/gcc/arm-none-eabi/9.2.1/../../../arm-none-eabi/lib/thumb/v6-m/nofp/libc_nano.a(lib_a-cxa_atexit.o)
 .debug_info    0x000000000002eb9f      0x11a /usr/lib/gcc/arm-none-eabi/9.2.1/../../../arm-none-eabi/lib/thumb/v6-m/nofp/libc_nano.a(lib_a-init.o)
 .debug_info    0x000000000002ecb9      0xf35 /usr/lib/gcc/arm-none-eabi/9.2.1/../../../arm-none-eabi/lib/thumb/v6-m/nofp/libc_nano.a(lib_a-memcpy-stub.o)
 .debug_info    0x000000000002fbee      0xf21 /usr/lib/gcc/arm-none-eabi/9.2.1/../../../arm-none-eabi/lib/thumb/v6-m/nofp/libc_nano.a(lib_a-memset.o)
 .debug_info    0x0000000000030b0f      0x92b /usr/lib/gcc/arm-none-eabi/9.2.1/../../../arm-none-eabi/lib/thumb/v6-m/nofp/libc_nano.a(lib_a-on_exit_args.o)
 .debug_info    0x000000000003143a      0xa3c /usr/lib/gcc/arm-none-eabi/9.2.1/../../../arm-none-eabi/lib/thumb/v6-m/nofp/libc_nano.a(lib_a-__atexit.o)
 .debug_info    0x0000000000031e76      0xa10 /usr/lib/gcc/arm-none-eabi/9.2.1/../../../arm-none-eabi/lib/thumb/v6-m/nofp/libc_nano.a(lib_a-__call_atexit.o)
 .debug_info    0x0000000000032886       0x26 /usr/lib/gcc/arm-none-eabi/9.2.1/thumb/v6-m/nofp/libgcc.a(_thumb1_case_uqi.o)
 .debug_info    0x00000000000328ac       0x26 /usr/lib/gcc/arm-none-eabi/9.2.1/thumb/v6-m/nofp/libgcc.a(_udivsi3.o)
 .debug_info    0x00000000000328d2       0x26 /usr/lib/gcc/arm-none-eabi/9.2.1/thumb/v6-m/nofp/libgcc.a(_dvmd_tls.o)
 .debug_info    0x00000000000328f8       0x26 /usr/lib/gcc/arm-none-eabi/9.2.1/thumb/v6-m/nofp/libgcc.a(_arm_cmpdf2.o)
 .debug_info    0x000000000003291e      0x297 /usr/lib/gcc/arm-none-eabi/9.2.1/thumb/v6-m/nofp/libgcc.a(eqdf2.o)
 .debug_info    0x0000000000032bb5      0x2b5 /usr/lib/gcc/arm-none-eabi/9.2.1/thumb/v6-m/nofp/libgcc.a(gedf2.o)
 .debug_info    0x0000000000032e6a      0x2b5 /usr/lib/gcc/arm-none-eabi/9.2.1/thumb/v6-m/nofp/libgcc.a(ledf2.o)
 .debug_info    0x000000000003311f      0x857 /usr/lib/gcc/arm-none-eabi/9.2.1/thumb/v6-m/nofp/libgcc.a(muldf3.o)
 .debug_info    0x0000000000033976      0x2f0 /usr/lib/gcc/arm-none-eabi/9.2.1/thumb/v6-m/nofp/libgcc.a(floatsidf.o)
 .debug_info    0x0000000000033c66      0x2e3 /usr/lib/gcc/arm-none-eabi/9.2.1/thumb/v6-m/nofp/libgcc.a(floatunsidf.o)
 .debug_info    0x0000000000033f49       0x26 /usr/lib/gcc/arm-none-eabi/9.2.1/thumb/v6-m/nofp/libgcc.a(_clzsi2.o)

.debug_abbrev   0x0000000000000000     0x2f2e
 .debug_abbrev  0x0000000000000000     0x1774 build/main.o
 .debug_abbrev  0x0000000000001774       0x12 build/startup_stm32f030x6.o
 .debug_abbrev  0x0000000000001786      0x114 /usr/lib/gcc/arm-none-eabi/9.2.1/../../../arm-none-eabi/lib/thumb/v6-m/nofp/libstdc++_nano.a(atexit_arm.o)
 .debug_abbrev  0x000000000000189a      0x220 /usr/lib/gcc/arm-none-eabi/9.2.1/../../../arm-none-eabi/lib/thumb/v6-m/nofp/libc_nano.a(lib_a-cxa_atexit.o)
 .debug_abbrev  0x0000000000001aba       0xcc /usr/lib/gcc/arm-none-eabi/9.2.1/../../../arm-none-eabi/lib/thumb/v6-m/nofp/libc_nano.a(lib_a-init.o)
 .debug_abbrev  0x0000000000001b86      0x1e5 /usr/lib/gcc/arm-none-eabi/9.2.1/../../../arm-none-eabi/lib/thumb/v6-m/nofp/libc_nano.a(lib_a-memcpy-stub.o)
 .debug_abbrev  0x0000000000001d6b      0x1d9 /usr/lib/gcc/arm-none-eabi/9.2.1/../../../arm-none-eabi/lib/thumb/v6-m/nofp/libc_nano.a(lib_a-memset.o)
 .debug_abbrev  0x0000000000001f44      0x184 /usr/lib/gcc/arm-none-eabi/9.2.1/../../../arm-none-eabi/lib/thumb/v6-m/nofp/libc_nano.a(lib_a-on_exit_args.o)
 .debug_abbrev  0x00000000000020c8      0x261 /usr/lib/gcc/arm-none-eabi/9.2.1/../../../arm-none-eabi/lib/thumb/v6-m/nofp/libc_nano.a(lib_a-__atexit.o)
 .debug_abbrev  0x0000000000002329      0x237 /usr/lib/gcc/arm-none-eabi/9.2.1/../../../arm-none-eabi/lib/thumb/v6-m/nofp/libc_nano.a(lib_a-__call_atexit.o)
 .debug_abbrev  0x0000000000002560       0x14 /usr/lib/gcc/arm-none-eabi/9.2.1/thumb/v6-m/nofp/libgcc.a(_thumb1_case_uqi.o)
 .debug_abbrev  0x0000000000002574       0x14 /usr/lib/gcc/arm-none-eabi/9.2.1/thumb/v6-m/nofp/libgcc.a(_udivsi3.o)
 .debug_abbrev  0x0000000000002588       0x14 /usr/lib/gcc/arm-none-eabi/9.2.1/thumb/v6-m/nofp/libgcc.a(_dvmd_tls.o)
 .debug_abbrev  0x000000000000259c       0x14 /usr/lib/gcc/arm-none-eabi/9.2.1/thumb/v6-m/nofp/libgcc.a(_arm_cmpdf2.o)
 .debug_abbrev  0x00000000000025b0      0x18f /usr/lib/gcc/arm-none-eabi/9.2.1/thumb/v6-m/nofp/libgcc.a(eqdf2.o)
 .debug_abbrev  0x000000000000273f      0x191 /usr/lib/gcc/arm-none-eabi/9.2.1/thumb/v6-m/nofp/libgcc.a(gedf2.o)
 .debug_abbrev  0x00000000000028d0      0x191 /usr/lib/gcc/arm-none-eabi/9.2.1/thumb/v6-m/nofp/libgcc.a(ledf2.o)
 .debug_abbrev  0x0000000000002a61      0x18f /usr/lib/gcc/arm-none-eabi/9.2.1/thumb/v6-m/nofp/libgcc.a(muldf3.o)
 .debug_abbrev  0x0000000000002bf0      0x195 /usr/lib/gcc/arm-none-eabi/9.2.1/thumb/v6-m/nofp/libgcc.a(floatsidf.o)
 .debug_abbrev  0x0000000000002d85      0x195 /usr/lib/gcc/arm-none-eabi/9.2.1/thumb/v6-m/nofp/libgcc.a(floatunsidf.o)
 .debug_abbrev  0x0000000000002f1a       0x14 /usr/lib/gcc/arm-none-eabi/9.2.1/thumb/v6-m/nofp/libgcc.a(_clzsi2.o)

.debug_loc      0x0000000000000000     0xa006
 .debug_loc     0x0000000000000000     0x753c build/main.o
 .debug_loc     0x000000000000753c       0x89 /usr/lib/gcc/arm-none-eabi/9.2.1/../../../arm-none-eabi/lib/thumb/v6-m/nofp/libstdc++_nano.a(atexit_arm.o)
 .debug_loc     0x00000000000075c5       0x96 /usr/lib/gcc/arm-none-eabi/9.2.1/../../../arm-none-eabi/lib/thumb/v6-m/nofp/libc_nano.a(lib_a-cxa_atexit.o)
 .debug_loc     0x000000000000765b       0x98 /usr/lib/gcc/arm-none-eabi/9.2.1/../../../arm-none-eabi/lib/thumb/v6-m/nofp/libc_nano.a(lib_a-init.o)
 .debug_loc     0x00000000000076f3      0x481 /usr/lib/gcc/arm-none-eabi/9.2.1/../../../arm-none-eabi/lib/thumb/v6-m/nofp/libc_nano.a(lib_a-memcpy-stub.o)
 .debug_loc     0x0000000000007b74      0x2df /usr/lib/gcc/arm-none-eabi/9.2.1/../../../arm-none-eabi/lib/thumb/v6-m/nofp/libc_nano.a(lib_a-memset.o)
 .debug_loc     0x0000000000007e53      0x1db /usr/lib/gcc/arm-none-eabi/9.2.1/../../../arm-none-eabi/lib/thumb/v6-m/nofp/libc_nano.a(lib_a-__atexit.o)
 .debug_loc     0x000000000000802e      0x165 /usr/lib/gcc/arm-none-eabi/9.2.1/../../../arm-none-eabi/lib/thumb/v6-m/nofp/libc_nano.a(lib_a-__call_atexit.o)
 .debug_loc     0x0000000000008193      0x165 /usr/lib/gcc/arm-none-eabi/9.2.1/thumb/v6-m/nofp/libgcc.a(eqdf2.o)
 .debug_loc     0x00000000000082f8      0x306 /usr/lib/gcc/arm-none-eabi/9.2.1/thumb/v6-m/nofp/libgcc.a(gedf2.o)
 .debug_loc     0x00000000000085fe      0x312 /usr/lib/gcc/arm-none-eabi/9.2.1/thumb/v6-m/nofp/libgcc.a(ledf2.o)
 .debug_loc     0x0000000000008910     0x1242 /usr/lib/gcc/arm-none-eabi/9.2.1/thumb/v6-m/nofp/libgcc.a(muldf3.o)
 .debug_loc     0x0000000000009b52      0x248 /usr/lib/gcc/arm-none-eabi/9.2.1/thumb/v6-m/nofp/libgcc.a(floatsidf.o)
 .debug_loc     0x0000000000009d9a      0x26c /usr/lib/gcc/arm-none-eabi/9.2.1/thumb/v6-m/nofp/libgcc.a(floatunsidf.o)

.debug_aranges  0x0000000000000000      0x488
 .debug_aranges
                0x0000000000000000      0x208 build/main.o
 .debug_aranges
                0x0000000000000208       0x28 build/startup_stm32f030x6.o
 .debug_aranges
                0x0000000000000230       0x20 /usr/lib/gcc/arm-none-eabi/9.2.1/../../../arm-none-eabi/lib/thumb/v6-m/nofp/libstdc++_nano.a(atexit_arm.o)
 .debug_aranges
                0x0000000000000250       0x20 /usr/lib/gcc/arm-none-eabi/9.2.1/../../../arm-none-eabi/lib/thumb/v6-m/nofp/libc_nano.a(lib_a-cxa_atexit.o)
 .debug_aranges
                0x0000000000000270       0x20 /usr/lib/gcc/arm-none-eabi/9.2.1/../../../arm-none-eabi/lib/thumb/v6-m/nofp/libc_nano.a(lib_a-init.o)
 .debug_aranges
                0x0000000000000290       0x20 /usr/lib/gcc/arm-none-eabi/9.2.1/../../../arm-none-eabi/lib/thumb/v6-m/nofp/libc_nano.a(lib_a-memcpy-stub.o)
 .debug_aranges
                0x00000000000002b0       0x20 /usr/lib/gcc/arm-none-eabi/9.2.1/../../../arm-none-eabi/lib/thumb/v6-m/nofp/libc_nano.a(lib_a-memset.o)
 .debug_aranges
                0x00000000000002d0       0x18 /usr/lib/gcc/arm-none-eabi/9.2.1/../../../arm-none-eabi/lib/thumb/v6-m/nofp/libc_nano.a(lib_a-on_exit_args.o)
 .debug_aranges
                0x00000000000002e8       0x20 /usr/lib/gcc/arm-none-eabi/9.2.1/../../../arm-none-eabi/lib/thumb/v6-m/nofp/libc_nano.a(lib_a-__atexit.o)
 .debug_aranges
                0x0000000000000308       0x20 /usr/lib/gcc/arm-none-eabi/9.2.1/../../../arm-none-eabi/lib/thumb/v6-m/nofp/libc_nano.a(lib_a-__call_atexit.o)
 .debug_aranges
                0x0000000000000328       0x20 /usr/lib/gcc/arm-none-eabi/9.2.1/thumb/v6-m/nofp/libgcc.a(_thumb1_case_uqi.o)
 .debug_aranges
                0x0000000000000348       0x20 /usr/lib/gcc/arm-none-eabi/9.2.1/thumb/v6-m/nofp/libgcc.a(_udivsi3.o)
 .debug_aranges
                0x0000000000000368       0x20 /usr/lib/gcc/arm-none-eabi/9.2.1/thumb/v6-m/nofp/libgcc.a(_dvmd_tls.o)
 .debug_aranges
                0x0000000000000388       0x20 /usr/lib/gcc/arm-none-eabi/9.2.1/thumb/v6-m/nofp/libgcc.a(_arm_cmpdf2.o)
 .debug_aranges
                0x00000000000003a8       0x20 /usr/lib/gcc/arm-none-eabi/9.2.1/thumb/v6-m/nofp/libgcc.a(eqdf2.o)
 .debug_aranges
                0x00000000000003c8       0x20 /usr/lib/gcc/arm-none-eabi/9.2.1/thumb/v6-m/nofp/libgcc.a(gedf2.o)
 .debug_aranges
                0x00000000000003e8       0x20 /usr/lib/gcc/arm-none-eabi/9.2.1/thumb/v6-m/nofp/libgcc.a(ledf2.o)
 .debug_aranges
                0x0000000000000408       0x20 /usr/lib/gcc/arm-none-eabi/9.2.1/thumb/v6-m/nofp/libgcc.a(muldf3.o)
 .debug_aranges
                0x0000000000000428       0x20 /usr/lib/gcc/arm-none-eabi/9.2.1/thumb/v6-m/nofp/libgcc.a(floatsidf.o)
 .debug_aranges
                0x0000000000000448       0x20 /usr/lib/gcc/arm-none-eabi/9.2.1/thumb/v6-m/nofp/libgcc.a(floatunsidf.o)
 .debug_aranges
                0x0000000000000468       0x20 /usr/lib/gcc/arm-none-eabi/9.2.1/thumb/v6-m/nofp/libgcc.a(_clzsi2.o)

.debug_ranges   0x0000000000000000     0x2888
 .debug_ranges  0x0000000000000000     0x24e8 build/main.o
 .debug_ranges  0x00000000000024e8       0x20 build/startup_stm32f030x6.o
 .debug_ranges  0x0000000000002508       0x10 /usr/lib/gcc/arm-none-eabi/9.2.1/../../../arm-none-eabi/lib/thumb/v6-m/nofp/libstdc++_nano.a(atexit_arm.o)
 .debug_ranges  0x0000000000002518       0x20 /usr/lib/gcc/arm-none-eabi/9.2.1/../../../arm-none-eabi/lib/thumb/v6-m/nofp/libc_nano.a(lib_a-__call_atexit.o)
 .debug_ranges  0x0000000000002538       0x48 /usr/lib/gcc/arm-none-eabi/9.2.1/thumb/v6-m/nofp/libgcc.a(eqdf2.o)
 .debug_ranges  0x0000000000002580       0x68 /usr/lib/gcc/arm-none-eabi/9.2.1/thumb/v6-m/nofp/libgcc.a(gedf2.o)
 .debug_ranges  0x00000000000025e8       0x60 /usr/lib/gcc/arm-none-eabi/9.2.1/thumb/v6-m/nofp/libgcc.a(ledf2.o)
 .debug_ranges  0x0000000000002648      0x1d0 /usr/lib/gcc/arm-none-eabi/9.2.1/thumb/v6-m/nofp/libgcc.a(muldf3.o)
 .debug_ranges  0x0000000000002818       0x38 /usr/lib/gcc/arm-none-eabi/9.2.1/thumb/v6-m/nofp/libgcc.a(floatsidf.o)
 .debug_ranges  0x0000000000002850       0x38 /usr/lib/gcc/arm-none-eabi/9.2.1/thumb/v6-m/nofp/libgcc.a(floatunsidf.o)

.debug_line     0x0000000000000000     0x64b8
 .debug_line    0x0000000000000000     0x4141 build/main.o
 .debug_line    0x0000000000004141       0x91 build/startup_stm32f030x6.o
 .debug_line    0x00000000000041d2      0x18d /usr/lib/gcc/arm-none-eabi/9.2.1/../../../arm-none-eabi/lib/thumb/v6-m/nofp/libstdc++_nano.a(atexit_arm.o)
 .debug_line    0x000000000000435f      0x17f /usr/lib/gcc/arm-none-eabi/9.2.1/../../../arm-none-eabi/lib/thumb/v6-m/nofp/libc_nano.a(lib_a-cxa_atexit.o)
 .debug_line    0x00000000000044de       0xfc /usr/lib/gcc/arm-none-eabi/9.2.1/../../../arm-none-eabi/lib/thumb/v6-m/nofp/libc_nano.a(lib_a-init.o)
 .debug_line    0x00000000000045da      0x24d /usr/lib/gcc/arm-none-eabi/9.2.1/../../../arm-none-eabi/lib/thumb/v6-m/nofp/libc_nano.a(lib_a-memcpy-stub.o)
 .debug_line    0x0000000000004827      0x281 /usr/lib/gcc/arm-none-eabi/9.2.1/../../../arm-none-eabi/lib/thumb/v6-m/nofp/libc_nano.a(lib_a-memset.o)
 .debug_line    0x0000000000004aa8       0xea /usr/lib/gcc/arm-none-eabi/9.2.1/../../../arm-none-eabi/lib/thumb/v6-m/nofp/libc_nano.a(lib_a-on_exit_args.o)
 .debug_line    0x0000000000004b92      0x247 /usr/lib/gcc/arm-none-eabi/9.2.1/../../../arm-none-eabi/lib/thumb/v6-m/nofp/libc_nano.a(lib_a-__atexit.o)
 .debug_line    0x0000000000004dd9      0x242 /usr/lib/gcc/arm-none-eabi/9.2.1/../../../arm-none-eabi/lib/thumb/v6-m/nofp/libc_nano.a(lib_a-__call_atexit.o)
 .debug_line    0x000000000000501b       0x68 /usr/lib/gcc/arm-none-eabi/9.2.1/thumb/v6-m/nofp/libgcc.a(_thumb1_case_uqi.o)
 .debug_line    0x0000000000005083       0x6c /usr/lib/gcc/arm-none-eabi/9.2.1/thumb/v6-m/nofp/libgcc.a(_udivsi3.o)
 .debug_line    0x00000000000050ef       0x60 /usr/lib/gcc/arm-none-eabi/9.2.1/thumb/v6-m/nofp/libgcc.a(_dvmd_tls.o)
 .debug_line    0x000000000000514f       0x78 /usr/lib/gcc/arm-none-eabi/9.2.1/thumb/v6-m/nofp/libgcc.a(_arm_cmpdf2.o)
 .debug_line    0x00000000000051c7      0x168 /usr/lib/gcc/arm-none-eabi/9.2.1/thumb/v6-m/nofp/libgcc.a(eqdf2.o)
 .debug_line    0x000000000000532f      0x1df /usr/lib/gcc/arm-none-eabi/9.2.1/thumb/v6-m/nofp/libgcc.a(gedf2.o)
 .debug_line    0x000000000000550e      0x1d7 /usr/lib/gcc/arm-none-eabi/9.2.1/thumb/v6-m/nofp/libgcc.a(ledf2.o)
 .debug_line    0x00000000000056e5      0x9e3 /usr/lib/gcc/arm-none-eabi/9.2.1/thumb/v6-m/nofp/libgcc.a(muldf3.o)
 .debug_line    0x00000000000060c8      0x1bb /usr/lib/gcc/arm-none-eabi/9.2.1/thumb/v6-m/nofp/libgcc.a(floatsidf.o)
 .debug_line    0x0000000000006283      0x1c1 /usr/lib/gcc/arm-none-eabi/9.2.1/thumb/v6-m/nofp/libgcc.a(floatunsidf.o)
 .debug_line    0x0000000000006444       0x74 /usr/lib/gcc/arm-none-eabi/9.2.1/thumb/v6-m/nofp/libgcc.a(_clzsi2.o)

.debug_str      0x0000000000000000    0x2884b
 .debug_str     0x0000000000000000    0x279d3 build/main.o
                                      0x2828c (size before relaxing)
 .debug_str     0x00000000000279d3       0x3b build/startup_stm32f030x6.o
                                         0x50 (size before relaxing)
 .debug_str     0x0000000000027a0e      0x1cd /usr/lib/gcc/arm-none-eabi/9.2.1/../../../arm-none-eabi/lib/thumb/v6-m/nofp/libstdc++_nano.a(atexit_arm.o)
                                        0x255 (size before relaxing)
 .debug_str     0x0000000000027bdb      0x20d /usr/lib/gcc/arm-none-eabi/9.2.1/../../../arm-none-eabi/lib/thumb/v6-m/nofp/libc_nano.a(lib_a-cxa_atexit.o)
                                        0x652 (size before relaxing)
 .debug_str     0x0000000000027de8       0xf2 /usr/lib/gcc/arm-none-eabi/9.2.1/../../../arm-none-eabi/lib/thumb/v6-m/nofp/libc_nano.a(lib_a-init.o)
                                        0x222 (size before relaxing)
 .debug_str     0x0000000000027eda      0x233 /usr/lib/gcc/arm-none-eabi/9.2.1/../../../arm-none-eabi/lib/thumb/v6-m/nofp/libc_nano.a(lib_a-memcpy-stub.o)
                                        0x92d (size before relaxing)
 .debug_str     0x000000000002810d       0x9f /usr/lib/gcc/arm-none-eabi/9.2.1/../../../arm-none-eabi/lib/thumb/v6-m/nofp/libc_nano.a(lib_a-memset.o)
                                        0x908 (size before relaxing)
 .debug_str     0x00000000000281ac       0x51 /usr/lib/gcc/arm-none-eabi/9.2.1/../../../arm-none-eabi/lib/thumb/v6-m/nofp/libc_nano.a(lib_a-on_exit_args.o)
                                        0x5fd (size before relaxing)
 .debug_str     0x00000000000281fd       0x6e /usr/lib/gcc/arm-none-eabi/9.2.1/../../../arm-none-eabi/lib/thumb/v6-m/nofp/libc_nano.a(lib_a-__atexit.o)
                                        0x679 (size before relaxing)
 .debug_str     0x000000000002826b       0x5f /usr/lib/gcc/arm-none-eabi/9.2.1/../../../arm-none-eabi/lib/thumb/v6-m/nofp/libc_nano.a(lib_a-__call_atexit.o)
                                        0x624 (size before relaxing)
 .debug_str     0x00000000000282ca       0x97 /usr/lib/gcc/arm-none-eabi/9.2.1/thumb/v6-m/nofp/libgcc.a(_thumb1_case_uqi.o)
                                         0xa3 (size before relaxing)
 .debug_str     0x0000000000028361       0xa3 /usr/lib/gcc/arm-none-eabi/9.2.1/thumb/v6-m/nofp/libgcc.a(_udivsi3.o)
 .debug_str     0x0000000000028361       0xa3 /usr/lib/gcc/arm-none-eabi/9.2.1/thumb/v6-m/nofp/libgcc.a(_dvmd_tls.o)
 .debug_str     0x0000000000028361       0x30 /usr/lib/gcc/arm-none-eabi/9.2.1/thumb/v6-m/nofp/libgcc.a(_arm_cmpdf2.o)
                                         0xa3 (size before relaxing)
 .debug_str     0x0000000000028391      0x157 /usr/lib/gcc/arm-none-eabi/9.2.1/thumb/v6-m/nofp/libgcc.a(eqdf2.o)
                                        0x249 (size before relaxing)
 .debug_str     0x00000000000284e8       0x34 /usr/lib/gcc/arm-none-eabi/9.2.1/thumb/v6-m/nofp/libgcc.a(gedf2.o)
                                        0x26d (size before relaxing)
 .debug_str     0x000000000002851c       0x10 /usr/lib/gcc/arm-none-eabi/9.2.1/thumb/v6-m/nofp/libgcc.a(ledf2.o)
                                        0x26d (size before relaxing)
 .debug_str     0x000000000002852c      0x233 /usr/lib/gcc/arm-none-eabi/9.2.1/thumb/v6-m/nofp/libgcc.a(muldf3.o)
                                        0x44d (size before relaxing)
 .debug_str     0x000000000002875f       0xd1 /usr/lib/gcc/arm-none-eabi/9.2.1/thumb/v6-m/nofp/libgcc.a(floatsidf.o)
                                        0x2e1 (size before relaxing)
 .debug_str     0x0000000000028830       0x1b /usr/lib/gcc/arm-none-eabi/9.2.1/thumb/v6-m/nofp/libgcc.a(floatunsidf.o)
                                        0x2dd (size before relaxing)
 .debug_str     0x000000000002884b       0xa3 /usr/lib/gcc/arm-none-eabi/9.2.1/thumb/v6-m/nofp/libgcc.a(_clzsi2.o)

.debug_frame    0x0000000000000000      0x804
 .debug_frame   0x0000000000000000      0x550 build/main.o
 .debug_frame   0x0000000000000550       0x28 /usr/lib/gcc/arm-none-eabi/9.2.1/../../../arm-none-eabi/lib/thumb/v6-m/nofp/libstdc++_nano.a(atexit_arm.o)
 .debug_frame   0x0000000000000578       0x2c /usr/lib/gcc/arm-none-eabi/9.2.1/../../../arm-none-eabi/lib/thumb/v6-m/nofp/libc_nano.a(lib_a-cxa_atexit.o)
 .debug_frame   0x00000000000005a4       0x2c /usr/lib/gcc/arm-none-eabi/9.2.1/../../../arm-none-eabi/lib/thumb/v6-m/nofp/libc_nano.a(lib_a-init.o)
 .debug_frame   0x00000000000005d0       0x34 /usr/lib/gcc/arm-none-eabi/9.2.1/../../../arm-none-eabi/lib/thumb/v6-m/nofp/libc_nano.a(lib_a-memcpy-stub.o)
 .debug_frame   0x0000000000000604       0x30 /usr/lib/gcc/arm-none-eabi/9.2.1/../../../arm-none-eabi/lib/thumb/v6-m/nofp/libc_nano.a(lib_a-memset.o)
 .debug_frame   0x0000000000000634       0x3c /usr/lib/gcc/arm-none-eabi/9.2.1/../../../arm-none-eabi/lib/thumb/v6-m/nofp/libc_nano.a(lib_a-__atexit.o)
 .debug_frame   0x0000000000000670       0x3c /usr/lib/gcc/arm-none-eabi/9.2.1/../../../arm-none-eabi/lib/thumb/v6-m/nofp/libc_nano.a(lib_a-__call_atexit.o)
 .debug_frame   0x00000000000006ac       0x20 /usr/lib/gcc/arm-none-eabi/9.2.1/thumb/v6-m/nofp/libgcc.a(_udivsi3.o)
 .debug_frame   0x00000000000006cc       0x38 /usr/lib/gcc/arm-none-eabi/9.2.1/thumb/v6-m/nofp/libgcc.a(eqdf2.o)
 .debug_frame   0x0000000000000704       0x38 /usr/lib/gcc/arm-none-eabi/9.2.1/thumb/v6-m/nofp/libgcc.a(gedf2.o)
 .debug_frame   0x000000000000073c       0x38 /usr/lib/gcc/arm-none-eabi/9.2.1/thumb/v6-m/nofp/libgcc.a(ledf2.o)
 .debug_frame   0x0000000000000774       0x3c /usr/lib/gcc/arm-none-eabi/9.2.1/thumb/v6-m/nofp/libgcc.a(muldf3.o)
 .debug_frame   0x00000000000007b0       0x2c /usr/lib/gcc/arm-none-eabi/9.2.1/thumb/v6-m/nofp/libgcc.a(floatsidf.o)
 .debug_frame   0x00000000000007dc       0x28 /usr/lib/gcc/arm-none-eabi/9.2.1/thumb/v6-m/nofp/libgcc.a(floatunsidf.o)

Cross Reference Table

Symbol                                            File
ADC1_IRQHandler                                   build/startup_stm32f030x6.o
ADC_average& ADC_average::make<(mcu::Periph)15, (mcu::Periph)30>(unsigned int) build/main.o
ADC_average::interrupt()                          build/main.o
ADC_average::make<(mcu::Periph)15, (mcu::Periph)30>(unsigned int)::res build/main.o
ADC_average::start()                              build/main.o
ADC_average::~ADC_average()                       build/main.o
ADC_average::~ADC_average()                       build/main.o
ADC_channel& ADC_average::add_channel<mcu::Pin_<(mcu::Periph)3, 4> >() build/main.o
ADC_channel& ADC_average::add_channel<mcu::Pin_<(mcu::Periph)3, 5> >() build/main.o
ADC_channel::make<mcu::Pin_<(mcu::Periph)3, 4> >()::res build/main.o
ADC_channel::make<mcu::Pin_<(mcu::Periph)3, 5> >()::res build/main.o
DMA1_Channel1_IRQHandler                          build/main.o
DMA1_Channel2_3_IRQHandler                        build/main.o
DMA1_Channel4_5_IRQHandler                        build/main.o
Default_Handler                                   build/startup_stm32f030x6.o
Dyn_array<unsigned short>::add_size(unsigned int) build/main.o
EXTI0_1_IRQHandler                                build/main.o
EXTI2_3_IRQHandler                                build/main.o
EXTI4_15_IRQHandler                               build/main.o
FLASH_IRQHandler                                  build/startup_stm32f030x6.o
HardFault_Handler                                 build/startup_stm32f030x6.o
I2C1_IRQHandler                                   build/startup_stm32f030x6.o
List<ADC_channel>::insert(List<ADC_channel>::Iterator, ADC_channel&) build/main.o
NMI_Handler                                       build/startup_stm32f030x6.o
PendSV_Handler                                    build/startup_stm32f030x6.o
Pin::is_set()                                     build/main.o
Pin::make<mcu::Pin_<(mcu::Periph)3, 0>, (mcu::PinMode)1>()::pin build/main.o
Pin::make<mcu::Pin_<(mcu::Periph)3, 10>, (mcu::PinMode)1>()::pin build/main.o
Pin::make<mcu::Pin_<(mcu::Periph)3, 11>, (mcu::PinMode)1>()::pin build/main.o
Pin::make<mcu::Pin_<(mcu::Periph)3, 12>, (mcu::PinMode)1>()::pin build/main.o
Pin::make<mcu::Pin_<(mcu::Periph)3, 1>, (mcu::PinMode)1>()::pin build/main.o
Pin::make<mcu::Pin_<(mcu::Periph)3, 3>, (mcu::PinMode)0>()::pin build/main.o
Pin::make<mcu::Pin_<(mcu::Periph)3, 4>, (mcu::PinMode)2>()::pin build/main.o
Pin::make<mcu::Pin_<(mcu::Periph)3, 5>, (mcu::PinMode)2>()::pin build/main.o
Pin::make<mcu::Pin_<(mcu::Periph)3, 6>, (mcu::PinMode)0>()::pin build/main.o
Pin::make<mcu::Pin_<(mcu::Periph)3, 8>, (mcu::PinMode)1>()::pin build/main.o
Pin::make<mcu::Pin_<(mcu::Periph)3, 9>, (mcu::PinMode)1>()::pin build/main.o
Pin::make<mcu::Pin_<(mcu::Periph)4, 0>, (mcu::PinMode)0>()::pin build/main.o
Pin::make<mcu::Pin_<(mcu::Periph)4, 10>, (mcu::PinMode)0>()::pin build/main.o
Pin::make<mcu::Pin_<(mcu::Periph)4, 15>, (mcu::PinMode)1>()::pin build/main.o
Pin::make<mcu::Pin_<(mcu::Periph)4, 1>, (mcu::PinMode)0>()::pin build/main.o
Pin::make<mcu::Pin_<(mcu::Periph)4, 2>, (mcu::PinMode)0>()::pin build/main.o
Pin::operator=(bool)                              build/main.o
Publisher::notify()                               build/main.o
RCC_IRQHandler                                    build/startup_stm32f030x6.o
RTC_IRQHandler                                    build/startup_stm32f030x6.o
Reset_Handler                                     build/startup_stm32f030x6.o
SPI1_IRQHandler                                   build/startup_stm32f030x6.o
SVC_Handler                                       build/startup_stm32f030x6.o
SysTick_Handler                                   build/main.o
TIM14_IRQHandler                                  build/main.o
TIM16_IRQHandler                                  build/main.o
TIM17_IRQHandler                                  build/main.o
TIM1_BRK_UP_TRG_COM_IRQHandler                    build/main.o
TIM1_CC_IRQHandler                                build/main.o
TIM3_IRQHandler                                   build/main.o
TickSubscriber::tick_subscribe()                  build/main.o
TickSubscriber::tick_unsubscribe()                build/main.o
TickUpdater::interrupt()                          build/main.o
Timer::done()                                     build/main.o
Timer::event()                                    build/main.o
Timer::isCount()                                  build/main.o
Timer::isGreater(unsigned long)                   build/main.o
Timer::notify()                                   build/main.o
Timer::pause()                                    build/main.o
Timer::start()                                    build/main.o
Timer::start(unsigned long)                       build/main.o
Timer::stop()                                     build/main.o
Timer::timeLeft()                                 build/main.o
Timer::timePassed()                               build/main.o
USART1_IRQHandler                                 build/main.o
WWDG_IRQHandler                                   build/startup_stm32f030x6.o
_ITM_deregisterTMCloneTable                       /usr/lib/gcc/arm-none-eabi/9.2.1/thumb/v6-m/nofp/crtbegin.o
_ITM_registerTMCloneTable                         /usr/lib/gcc/arm-none-eabi/9.2.1/thumb/v6-m/nofp/crtbegin.o
__TMC_END__                                       /usr/lib/gcc/arm-none-eabi/9.2.1/thumb/v6-m/nofp/crtend.o
                                                  /usr/lib/gcc/arm-none-eabi/9.2.1/thumb/v6-m/nofp/crtbegin.o
__aeabi_atexit                                    /usr/lib/gcc/arm-none-eabi/9.2.1/../../../arm-none-eabi/lib/thumb/v6-m/nofp/libstdc++_nano.a(atexit_arm.o)
                                                  build/main.o
__aeabi_cdcmpeq                                   /usr/lib/gcc/arm-none-eabi/9.2.1/thumb/v6-m/nofp/libgcc.a(_arm_cmpdf2.o)
__aeabi_cdcmple                                   /usr/lib/gcc/arm-none-eabi/9.2.1/thumb/v6-m/nofp/libgcc.a(_arm_cmpdf2.o)
__aeabi_cdrcmple                                  /usr/lib/gcc/arm-none-eabi/9.2.1/thumb/v6-m/nofp/libgcc.a(_arm_cmpdf2.o)
__aeabi_dcmpeq                                    /usr/lib/gcc/arm-none-eabi/9.2.1/thumb/v6-m/nofp/libgcc.a(_arm_cmpdf2.o)
__aeabi_dcmpge                                    /usr/lib/gcc/arm-none-eabi/9.2.1/thumb/v6-m/nofp/libgcc.a(_arm_cmpdf2.o)
__aeabi_dcmpgt                                    /usr/lib/gcc/arm-none-eabi/9.2.1/thumb/v6-m/nofp/libgcc.a(_arm_cmpdf2.o)
__aeabi_dcmple                                    /usr/lib/gcc/arm-none-eabi/9.2.1/thumb/v6-m/nofp/libgcc.a(_arm_cmpdf2.o)
__aeabi_dcmplt                                    /usr/lib/gcc/arm-none-eabi/9.2.1/thumb/v6-m/nofp/libgcc.a(_arm_cmpdf2.o)
                                                  build/main.o
__aeabi_dmul                                      /usr/lib/gcc/arm-none-eabi/9.2.1/thumb/v6-m/nofp/libgcc.a(muldf3.o)
                                                  build/main.o
__aeabi_i2d                                       /usr/lib/gcc/arm-none-eabi/9.2.1/thumb/v6-m/nofp/libgcc.a(floatsidf.o)
                                                  build/main.o
__aeabi_idiv                                      /usr/lib/gcc/arm-none-eabi/9.2.1/thumb/v6-m/nofp/libgcc.a(_divsi3.o)
                                                  build/main.o
__aeabi_idiv0                                     /usr/lib/gcc/arm-none-eabi/9.2.1/thumb/v6-m/nofp/libgcc.a(_dvmd_tls.o)
                                                  /usr/lib/gcc/arm-none-eabi/9.2.1/thumb/v6-m/nofp/libgcc.a(_divsi3.o)
                                                  /usr/lib/gcc/arm-none-eabi/9.2.1/thumb/v6-m/nofp/libgcc.a(_udivsi3.o)
__aeabi_idivmod                                   /usr/lib/gcc/arm-none-eabi/9.2.1/thumb/v6-m/nofp/libgcc.a(_divsi3.o)
__aeabi_ldiv0                                     /usr/lib/gcc/arm-none-eabi/9.2.1/thumb/v6-m/nofp/libgcc.a(_dvmd_tls.o)
__aeabi_ui2d                                      /usr/lib/gcc/arm-none-eabi/9.2.1/thumb/v6-m/nofp/libgcc.a(floatunsidf.o)
                                                  build/main.o
__aeabi_uidiv                                     /usr/lib/gcc/arm-none-eabi/9.2.1/thumb/v6-m/nofp/libgcc.a(_udivsi3.o)
                                                  build/main.o
__aeabi_uidivmod                                  /usr/lib/gcc/arm-none-eabi/9.2.1/thumb/v6-m/nofp/libgcc.a(_udivsi3.o)
                                                  build/main.o
__atexit_dummy                                    /usr/lib/gcc/arm-none-eabi/9.2.1/../../../arm-none-eabi/lib/thumb/v6-m/nofp/libc_nano.a(lib_a-__atexit.o)
__bss_end__                                       /usr/lib/gcc/arm-none-eabi/9.2.1/../../../arm-none-eabi/lib/thumb/v6-m/nofp/crt0.o
__bss_start__                                     /usr/lib/gcc/arm-none-eabi/9.2.1/../../../arm-none-eabi/lib/thumb/v6-m/nofp/crt0.o
__call_exitprocs                                  /usr/lib/gcc/arm-none-eabi/9.2.1/../../../arm-none-eabi/lib/thumb/v6-m/nofp/libc_nano.a(lib_a-__call_atexit.o)
                                                  /usr/lib/gcc/arm-none-eabi/9.2.1/../../../arm-none-eabi/lib/thumb/v6-m/nofp/libc_nano.a(lib_a-__atexit.o)
                                                  /usr/lib/gcc/arm-none-eabi/9.2.1/../../../arm-none-eabi/lib/thumb/v6-m/nofp/libc_nano.a(lib_a-exit.o)
__clzsi2                                          /usr/lib/gcc/arm-none-eabi/9.2.1/thumb/v6-m/nofp/libgcc.a(_clzsi2.o)
                                                  /usr/lib/gcc/arm-none-eabi/9.2.1/thumb/v6-m/nofp/libgcc.a(floatunsidf.o)
                                                  /usr/lib/gcc/arm-none-eabi/9.2.1/thumb/v6-m/nofp/libgcc.a(floatsidf.o)
                                                  /usr/lib/gcc/arm-none-eabi/9.2.1/thumb/v6-m/nofp/libgcc.a(muldf3.o)
__cxa_atexit                                      /usr/lib/gcc/arm-none-eabi/9.2.1/../../../arm-none-eabi/lib/thumb/v6-m/nofp/libc_nano.a(lib_a-cxa_atexit.o)
                                                  /usr/lib/gcc/arm-none-eabi/9.2.1/../../../arm-none-eabi/lib/thumb/v6-m/nofp/libstdc++_nano.a(atexit_arm.o)
__cxa_atexit_dummy                                /usr/lib/gcc/arm-none-eabi/9.2.1/../../../arm-none-eabi/lib/thumb/v6-m/nofp/libc_nano.a(lib_a-cxa_atexit.o)
__deregister_frame_info                           /usr/lib/gcc/arm-none-eabi/9.2.1/thumb/v6-m/nofp/crtbegin.o
__divsi3                                          /usr/lib/gcc/arm-none-eabi/9.2.1/thumb/v6-m/nofp/libgcc.a(_divsi3.o)
__dso_handle                                      /usr/lib/gcc/arm-none-eabi/9.2.1/thumb/v6-m/nofp/crtbegin.o
                                                  build/main.o
__eqdf2                                           /usr/lib/gcc/arm-none-eabi/9.2.1/thumb/v6-m/nofp/libgcc.a(eqdf2.o)
                                                  /usr/lib/gcc/arm-none-eabi/9.2.1/thumb/v6-m/nofp/libgcc.a(_arm_cmpdf2.o)
__fini_array_end                                  /usr/lib/gcc/arm-none-eabi/9.2.1/../../../arm-none-eabi/lib/thumb/v6-m/nofp/libc_nano.a(lib_a-fini.o)
__fini_array_start                                /usr/lib/gcc/arm-none-eabi/9.2.1/../../../arm-none-eabi/lib/thumb/v6-m/nofp/libc_nano.a(lib_a-fini.o)
__gedf2                                           /usr/lib/gcc/arm-none-eabi/9.2.1/thumb/v6-m/nofp/libgcc.a(gedf2.o)
                                                  /usr/lib/gcc/arm-none-eabi/9.2.1/thumb/v6-m/nofp/libgcc.a(_arm_cmpdf2.o)
__gnu_thumb1_case_uqi                             /usr/lib/gcc/arm-none-eabi/9.2.1/thumb/v6-m/nofp/libgcc.a(_thumb1_case_uqi.o)
                                                  build/main.o
__gtdf2                                           /usr/lib/gcc/arm-none-eabi/9.2.1/thumb/v6-m/nofp/libgcc.a(gedf2.o)
__init_array_end                                  /usr/lib/gcc/arm-none-eabi/9.2.1/../../../arm-none-eabi/lib/thumb/v6-m/nofp/libc_nano.a(lib_a-init.o)
__init_array_start                                /usr/lib/gcc/arm-none-eabi/9.2.1/../../../arm-none-eabi/lib/thumb/v6-m/nofp/libc_nano.a(lib_a-init.o)
__ledf2                                           /usr/lib/gcc/arm-none-eabi/9.2.1/thumb/v6-m/nofp/libgcc.a(ledf2.o)
                                                  /usr/lib/gcc/arm-none-eabi/9.2.1/thumb/v6-m/nofp/libgcc.a(_arm_cmpdf2.o)
__libc_fini_array                                 /usr/lib/gcc/arm-none-eabi/9.2.1/../../../arm-none-eabi/lib/thumb/v6-m/nofp/libc_nano.a(lib_a-fini.o)
                                                  /usr/lib/gcc/arm-none-eabi/9.2.1/../../../arm-none-eabi/lib/thumb/v6-m/nofp/crt0.o
__libc_init_array                                 /usr/lib/gcc/arm-none-eabi/9.2.1/../../../arm-none-eabi/lib/thumb/v6-m/nofp/libc_nano.a(lib_a-init.o)
                                                  build/startup_stm32f030x6.o
                                                  /usr/lib/gcc/arm-none-eabi/9.2.1/../../../arm-none-eabi/lib/thumb/v6-m/nofp/crt0.o
__ltdf2                                           /usr/lib/gcc/arm-none-eabi/9.2.1/thumb/v6-m/nofp/libgcc.a(ledf2.o)
__nedf2                                           /usr/lib/gcc/arm-none-eabi/9.2.1/thumb/v6-m/nofp/libgcc.a(eqdf2.o)
__on_exit_args                                    /usr/lib/gcc/arm-none-eabi/9.2.1/../../../arm-none-eabi/lib/thumb/v6-m/nofp/libc_nano.a(lib_a-on_exit_args.o)
                                                  /usr/lib/gcc/arm-none-eabi/9.2.1/../../../arm-none-eabi/lib/thumb/v6-m/nofp/libc_nano.a(lib_a-__atexit.o)
                                                  /usr/lib/gcc/arm-none-eabi/9.2.1/../../../arm-none-eabi/lib/thumb/v6-m/nofp/libc_nano.a(lib_a-cxa_atexit.o)
__preinit_array_end                               /usr/lib/gcc/arm-none-eabi/9.2.1/../../../arm-none-eabi/lib/thumb/v6-m/nofp/libc_nano.a(lib_a-init.o)
__preinit_array_start                             /usr/lib/gcc/arm-none-eabi/9.2.1/../../../arm-none-eabi/lib/thumb/v6-m/nofp/libc_nano.a(lib_a-init.o)
__register_exitproc                               /usr/lib/gcc/arm-none-eabi/9.2.1/../../../arm-none-eabi/lib/thumb/v6-m/nofp/libc_nano.a(lib_a-__atexit.o)
                                                  /usr/lib/gcc/arm-none-eabi/9.2.1/../../../arm-none-eabi/lib/thumb/v6-m/nofp/libc_nano.a(lib_a-cxa_atexit.o)
                                                  /usr/lib/gcc/arm-none-eabi/9.2.1/../../../arm-none-eabi/lib/thumb/v6-m/nofp/libc_nano.a(lib_a-atexit.o)
__register_frame_info                             /usr/lib/gcc/arm-none-eabi/9.2.1/thumb/v6-m/nofp/crtbegin.o
__sf_fake_stderr                                  /usr/lib/gcc/arm-none-eabi/9.2.1/../../../arm-none-eabi/lib/thumb/v6-m/nofp/libc_nano.a(lib_a-impure.o)
__sf_fake_stdin                                   /usr/lib/gcc/arm-none-eabi/9.2.1/../../../arm-none-eabi/lib/thumb/v6-m/nofp/libc_nano.a(lib_a-impure.o)
__sf_fake_stdout                                  /usr/lib/gcc/arm-none-eabi/9.2.1/../../../arm-none-eabi/lib/thumb/v6-m/nofp/libc_nano.a(lib_a-impure.o)
__stack                                           /usr/lib/gcc/arm-none-eabi/9.2.1/../../../arm-none-eabi/lib/thumb/v6-m/nofp/crt0.o
__udivsi3                                         /usr/lib/gcc/arm-none-eabi/9.2.1/thumb/v6-m/nofp/libgcc.a(_udivsi3.o)
_ebss                                             build/startup_stm32f030x6.o
_edata                                            build/startup_stm32f030x6.o
_estack                                           build/startup_stm32f030x6.o
_exit                                             /usr/lib/gcc/arm-none-eabi/9.2.1/../../../arm-none-eabi/lib/thumb/v6-m/nofp/libnosys.a(_exit.o)
                                                  /usr/lib/gcc/arm-none-eabi/9.2.1/../../../arm-none-eabi/lib/thumb/v6-m/nofp/libc_nano.a(lib_a-exit.o)
_fini                                             /usr/lib/gcc/arm-none-eabi/9.2.1/thumb/v6-m/nofp/crti.o
                                                  /usr/lib/gcc/arm-none-eabi/9.2.1/../../../arm-none-eabi/lib/thumb/v6-m/nofp/libc_nano.a(lib_a-fini.o)
_global_atexit                                    /usr/lib/gcc/arm-none-eabi/9.2.1/../../../arm-none-eabi/lib/thumb/v6-m/nofp/libc_nano.a(lib_a-__call_atexit.o)
                                                  /usr/lib/gcc/arm-none-eabi/9.2.1/../../../arm-none-eabi/lib/thumb/v6-m/nofp/libc_nano.a(lib_a-__atexit.o)
_global_impure_ptr                                /usr/lib/gcc/arm-none-eabi/9.2.1/../../../arm-none-eabi/lib/thumb/v6-m/nofp/libc_nano.a(lib_a-impure.o)
                                                  /usr/lib/gcc/arm-none-eabi/9.2.1/../../../arm-none-eabi/lib/thumb/v6-m/nofp/libc_nano.a(lib_a-exit.o)
_impure_ptr                                       /usr/lib/gcc/arm-none-eabi/9.2.1/../../../arm-none-eabi/lib/thumb/v6-m/nofp/libc_nano.a(lib_a-impure.o)
_init                                             /usr/lib/gcc/arm-none-eabi/9.2.1/thumb/v6-m/nofp/crti.o
                                                  /usr/lib/gcc/arm-none-eabi/9.2.1/../../../arm-none-eabi/lib/thumb/v6-m/nofp/libc_nano.a(lib_a-init.o)
_mainCRTStartup                                   /usr/lib/gcc/arm-none-eabi/9.2.1/../../../arm-none-eabi/lib/thumb/v6-m/nofp/crt0.o
_sbss                                             build/startup_stm32f030x6.o
_sdata                                            build/startup_stm32f030x6.o
_sidata                                           build/startup_stm32f030x6.o
_stack_init                                       /usr/lib/gcc/arm-none-eabi/9.2.1/../../../arm-none-eabi/lib/thumb/v6-m/nofp/crt0.o
_start                                            /usr/lib/gcc/arm-none-eabi/9.2.1/../../../arm-none-eabi/lib/thumb/v6-m/nofp/crt0.o
atexit                                            /usr/lib/gcc/arm-none-eabi/9.2.1/../../../arm-none-eabi/lib/thumb/v6-m/nofp/libc_nano.a(lib_a-atexit.o)
                                                  /usr/lib/gcc/arm-none-eabi/9.2.1/../../../arm-none-eabi/lib/thumb/v6-m/nofp/crt0.o
bool* std::find<bool*, bool>(bool*, bool*, bool const&) build/main.o
exit                                              /usr/lib/gcc/arm-none-eabi/9.2.1/../../../arm-none-eabi/lib/thumb/v6-m/nofp/libc_nano.a(lib_a-exit.o)
                                                  /usr/lib/gcc/arm-none-eabi/9.2.1/../../../arm-none-eabi/lib/thumb/v6-m/nofp/crt0.o
g_pfnVectors                                      build/startup_stm32f030x6.o
guard variable for ADC_average::make<(mcu::Periph)15, (mcu::Periph)30>(unsigned int)::res build/main.o
guard variable for ADC_channel::make<mcu::Pin_<(mcu::Periph)3, 4> >()::res build/main.o
guard variable for ADC_channel::make<mcu::Pin_<(mcu::Periph)3, 5> >()::res build/main.o
guard variable for Pin::make<mcu::Pin_<(mcu::Periph)3, 0>, (mcu::PinMode)1>()::pin build/main.o
guard variable for Pin::make<mcu::Pin_<(mcu::Periph)3, 10>, (mcu::PinMode)1>()::pin build/main.o
guard variable for Pin::make<mcu::Pin_<(mcu::Periph)3, 11>, (mcu::PinMode)1>()::pin build/main.o
guard variable for Pin::make<mcu::Pin_<(mcu::Periph)3, 12>, (mcu::PinMode)1>()::pin build/main.o
guard variable for Pin::make<mcu::Pin_<(mcu::Periph)3, 1>, (mcu::PinMode)1>()::pin build/main.o
guard variable for Pin::make<mcu::Pin_<(mcu::Periph)3, 3>, (mcu::PinMode)0>()::pin build/main.o
guard variable for Pin::make<mcu::Pin_<(mcu::Periph)3, 4>, (mcu::PinMode)2>()::pin build/main.o
guard variable for Pin::make<mcu::Pin_<(mcu::Periph)3, 5>, (mcu::PinMode)2>()::pin build/main.o
guard variable for Pin::make<mcu::Pin_<(mcu::Periph)3, 6>, (mcu::PinMode)0>()::pin build/main.o
guard variable for Pin::make<mcu::Pin_<(mcu::Periph)3, 8>, (mcu::PinMode)1>()::pin build/main.o
guard variable for Pin::make<mcu::Pin_<(mcu::Periph)3, 9>, (mcu::PinMode)1>()::pin build/main.o
guard variable for Pin::make<mcu::Pin_<(mcu::Periph)4, 0>, (mcu::PinMode)0>()::pin build/main.o
guard variable for Pin::make<mcu::Pin_<(mcu::Periph)4, 10>, (mcu::PinMode)0>()::pin build/main.o
guard variable for Pin::make<mcu::Pin_<(mcu::Periph)4, 15>, (mcu::PinMode)1>()::pin build/main.o
guard variable for Pin::make<mcu::Pin_<(mcu::Periph)4, 1>, (mcu::PinMode)0>()::pin build/main.o
guard variable for Pin::make<mcu::Pin_<(mcu::Periph)4, 2>, (mcu::PinMode)0>()::pin build/main.o
hardware_init_hook                                /usr/lib/gcc/arm-none-eabi/9.2.1/../../../arm-none-eabi/lib/thumb/v6-m/nofp/crt0.o
heap                                              build/main.o
init_clock                                        build/main.o
                                                  build/startup_stm32f030x6.o
interrupt_DMA1_channel1                           build/main.o
interrupt_DMA1_channel2                           build/main.o
interrupt_DMA1_channel3                           build/main.o
interrupt_DMA1_channel4                           build/main.o
interrupt_DMA1_channel5                           build/main.o
interrupt_EXTI0                                   build/main.o
interrupt_EXTI1                                   build/main.o
interrupt_EXTI10                                  build/main.o
interrupt_EXTI11                                  build/main.o
interrupt_EXTI12                                  build/main.o
interrupt_EXTI13                                  build/main.o
interrupt_EXTI14                                  build/main.o
interrupt_EXTI15                                  build/main.o
interrupt_EXTI2                                   build/main.o
interrupt_EXTI3                                   build/main.o
interrupt_EXTI4                                   build/main.o
interrupt_EXTI5                                   build/main.o
interrupt_EXTI6                                   build/main.o
interrupt_EXTI7                                   build/main.o
interrupt_EXTI8                                   build/main.o
interrupt_EXTI9                                   build/main.o
interrupt_rtc                                     build/main.o
interrupt_spi1                                    build/main.o
interrupt_tim1                                    build/main.o
interrupt_tim3                                    build/main.o
interrupt_usart1                                  build/main.o
main                                              build/main.o
                                                  build/startup_stm32f030x6.o
                                                  /usr/lib/gcc/arm-none-eabi/9.2.1/../../../arm-none-eabi/lib/thumb/v6-m/nofp/crt0.o
malloc                                            /usr/lib/gcc/arm-none-eabi/9.2.1/../../../arm-none-eabi/lib/thumb/v6-m/nofp/libc_nano.a(lib_a-__atexit.o)
mcu::DMA::clear_interrupt_flags(mcu::DMA::Channel) build/main.o
mcu::DMA::is_transfer_complete_interrupt(mcu::DMA::Channel) build/main.o
mcu::EXTI::clear_interrupt_flags(int)             build/main.o
mcu::EXTI::set_trigger(mcu::EXTI::Edge, int, bool) build/main.o
mcu::EXTI::toggle_trigger(mcu::EXTI::Edge, int)   build/main.o
mcu::FLASH::start_erase(mcu::FLASH::Sector)       build/main.o
mcu::FLASH::unlock()                              build/main.o
mcu::TIM::compare_disable(mcu::TIM::Channel)      build/main.o
mcu::TIM::compare_enable(mcu::TIM::Channel)       build/main.o
mcu::TIM::interrupt_enable(mcu::TIM::Channel)     build/main.o
mcu::TIM::is_compare(mcu::TIM::Channel)           build/main.o
mcu::TIM::set_compare(mcu::TIM::Channel, unsigned long) build/main.o
mcu::USART::set(mcu::USART::Baudrate, mcu::Periph) build/main.o
memcpy                                            /usr/lib/gcc/arm-none-eabi/9.2.1/../../../arm-none-eabi/lib/thumb/v6-m/nofp/libc_nano.a(lib_a-memcpy-stub.o)
                                                  build/main.o
memset                                            /usr/lib/gcc/arm-none-eabi/9.2.1/../../../arm-none-eabi/lib/thumb/v6-m/nofp/libc_nano.a(lib_a-memset.o)
                                                  build/main.o
                                                  /usr/lib/gcc/arm-none-eabi/9.2.1/../../../arm-none-eabi/lib/thumb/v6-m/nofp/crt0.o
meta::tuple_generate_impl<Pin&, std::integer_sequence<unsigned int, __integer_pack(6), __integer_pack(6), __integer_pack(6), __integer_pack(6), __integer_pack(6), __integer_pack(6)> >::type make_pins<(mcu::PinMode)0, mcu::Pin_<(mcu::Periph)3, 3>, mcu::Pin_<(mcu::Periph)3, 6>, mcu::Pin_<(mcu::Periph)4, 0>, mcu::Pin_<(mcu::Periph)4, 1>, mcu::Pin_<(mcu::Periph)4, 2>, mcu::Pin_<(mcu::Periph)4, 10> >() build/main.o
meta::tuple_generate_impl<Pin&, std::integer_sequence<unsigned int, __integer_pack(8), __integer_pack(8), __integer_pack(8), __integer_pack(8), __integer_pack(8), __integer_pack(8), __integer_pack(8), __integer_pack(8)> >::type make_pins<(mcu::PinMode)1, mcu::Pin_<(mcu::Periph)3, 1>, mcu::Pin_<(mcu::Periph)3, 12>, mcu::Pin_<(mcu::Periph)3, 11>, mcu::Pin_<(mcu::Periph)3, 10>, mcu::Pin_<(mcu::Periph)3, 0>, mcu::Pin_<(mcu::Periph)3, 9>, mcu::Pin_<(mcu::Periph)3, 8>, mcu::Pin_<(mcu::Periph)4, 15> >() build/main.o
software_init_hook                                /usr/lib/gcc/arm-none-eabi/9.2.1/../../../arm-none-eabi/lib/thumb/v6-m/nofp/crt0.o
tickUpdater                                       build/main.o
vtable for ADC_average                            build/main.o
vtable for Timer                                  build/main.o
